Component: Arm Compiler for Embedded 6.22 Tool: armlink [5ee90200]

==============================================================================

Section Cross References

    startup_stm32f103xb.o(STACK) refers (Special) to heapauxi.o(.text) for __use_two_region_memory
    startup_stm32f103xb.o(HEAP) refers (Special) to heapauxi.o(.text) for __use_two_region_memory
    startup_stm32f103xb.o(RESET) refers (Special) to heapauxi.o(.text) for __use_two_region_memory
    startup_stm32f103xb.o(RESET) refers to startup_stm32f103xb.o(STACK) for __initial_sp
    startup_stm32f103xb.o(RESET) refers to startup_stm32f103xb.o(.text) for Reset_Handler
    startup_stm32f103xb.o(RESET) refers to stm32f1xx_it.o(.text.NMI_Handler) for NMI_Handler
    startup_stm32f103xb.o(RESET) refers to stm32f1xx_it.o(.text.HardFault_Handler) for HardFault_Handler
    startup_stm32f103xb.o(RESET) refers to stm32f1xx_it.o(.text.MemManage_Handler) for MemManage_Handler
    startup_stm32f103xb.o(RESET) refers to stm32f1xx_it.o(.text.BusFault_Handler) for BusFault_Handler
    startup_stm32f103xb.o(RESET) refers to stm32f1xx_it.o(.text.UsageFault_Handler) for UsageFault_Handler
    startup_stm32f103xb.o(RESET) refers to stm32f1xx_it.o(.text.SVC_Handler) for SVC_Handler
    startup_stm32f103xb.o(RESET) refers to stm32f1xx_it.o(.text.DebugMon_Handler) for DebugMon_Handler
    startup_stm32f103xb.o(RESET) refers to stm32f1xx_it.o(.text.PendSV_Handler) for PendSV_Handler
    startup_stm32f103xb.o(RESET) refers to stm32f1xx_it.o(.text.SysTick_Handler) for SysTick_Handler
    startup_stm32f103xb.o(RESET) refers to stm32f1xx_it.o(.text.USART1_IRQHandler) for USART1_IRQHandler
    startup_stm32f103xb.o(.text) refers (Special) to heapauxi.o(.text) for __use_two_region_memory
    startup_stm32f103xb.o(.text) refers to system_stm32f1xx.o(.text.SystemInit) for SystemInit
    startup_stm32f103xb.o(.text) refers to __main.o(!!!main) for __main
    startup_stm32f103xb.o(.text) refers to startup_stm32f103xb.o(HEAP) for Heap_Mem
    startup_stm32f103xb.o(.text) refers to startup_stm32f103xb.o(STACK) for Stack_Mem
    lcd_16x2.o(.text) refers (Special) to _printf_percent.o(.ARM.Collect$$_printf_percent$$00000000) for _printf_percent
    lcd_16x2.o(.text) refers (Special) to _printf_d.o(.ARM.Collect$$_printf_percent$$00000009) for _printf_d
    lcd_16x2.o(.text) refers (Special) to _printf_dec.o(.text) for _printf_int_dec
    lcd_16x2.o(.text.Lcd_Init) refers (Special) to _printf_percent.o(.ARM.Collect$$_printf_percent$$00000000) for _printf_percent
    lcd_16x2.o(.text.Lcd_Init) refers (Special) to _printf_d.o(.ARM.Collect$$_printf_percent$$00000009) for _printf_d
    lcd_16x2.o(.text.Lcd_Init) refers (Special) to _printf_dec.o(.text) for _printf_int_dec
    lcd_16x2.o(.text.Lcd_Init) refers to stm32f1xx_hal_gpio.o(.text.HAL_GPIO_Init) for HAL_GPIO_Init
    lcd_16x2.o(.text.Lcd_Init) refers to stm32f1xx_hal_gpio.o(.text.HAL_GPIO_WritePin) for HAL_GPIO_WritePin
    lcd_16x2.o(.text.Lcd_Init) refers to lcd_16x2.o(.text.lcd_write_command) for lcd_write_command
    lcd_16x2.o(.text.Lcd_Init) refers to stm32f1xx_hal.o(.text.HAL_Delay) for HAL_Delay
    lcd_16x2.o(.ARM.exidx.text.Lcd_Init) refers (Special) to _printf_percent.o(.ARM.Collect$$_printf_percent$$00000000) for _printf_percent
    lcd_16x2.o(.ARM.exidx.text.Lcd_Init) refers (Special) to _printf_d.o(.ARM.Collect$$_printf_percent$$00000009) for _printf_d
    lcd_16x2.o(.ARM.exidx.text.Lcd_Init) refers (Special) to _printf_dec.o(.text) for _printf_int_dec
    lcd_16x2.o(.ARM.exidx.text.Lcd_Init) refers to lcd_16x2.o(.text.Lcd_Init) for [Anonymous Symbol]
    lcd_16x2.o(.text.lcd_write_command) refers (Special) to _printf_percent.o(.ARM.Collect$$_printf_percent$$00000000) for _printf_percent
    lcd_16x2.o(.text.lcd_write_command) refers (Special) to _printf_d.o(.ARM.Collect$$_printf_percent$$00000009) for _printf_d
    lcd_16x2.o(.text.lcd_write_command) refers (Special) to _printf_dec.o(.text) for _printf_int_dec
    lcd_16x2.o(.text.lcd_write_command) refers to stm32f1xx_hal_gpio.o(.text.HAL_GPIO_WritePin) for HAL_GPIO_WritePin
    lcd_16x2.o(.text.lcd_write_command) refers to lcd_16x2.o(.data..L_MergedGlobals) for .L_MergedGlobals
    lcd_16x2.o(.text.lcd_write_command) refers to stm32f1xx_hal.o(.text.HAL_Delay) for HAL_Delay
    lcd_16x2.o(.ARM.exidx.text.lcd_write_command) refers (Special) to _printf_percent.o(.ARM.Collect$$_printf_percent$$00000000) for _printf_percent
    lcd_16x2.o(.ARM.exidx.text.lcd_write_command) refers (Special) to _printf_d.o(.ARM.Collect$$_printf_percent$$00000009) for _printf_d
    lcd_16x2.o(.ARM.exidx.text.lcd_write_command) refers (Special) to _printf_dec.o(.text) for _printf_int_dec
    lcd_16x2.o(.ARM.exidx.text.lcd_write_command) refers to lcd_16x2.o(.text.lcd_write_command) for [Anonymous Symbol]
    lcd_16x2.o(.text.Lcd_write_int) refers (Special) to _printf_percent.o(.ARM.Collect$$_printf_percent$$00000000) for _printf_percent
[...]
    !!!main                                  0x080000ec   Section        8  __main.o(!!!main)
    !!!scatter                               0x080000f4   Section       92  __scatter.o(!!!scatter)
    !!handler_copy                           0x08000150   Section       26  __scatter_copy.o(!!handler_copy)
    !!handler_null                           0x0800016c   Section        2  __scatter.o(!!handler_null)
    !!handler_zi                             0x08000170   Section       28  __scatter_zi.o(!!handler_zi)
    .ARM.Collect$$_printf_percent$$00000000  0x0800018c   Section        0  _printf_percent.o(.ARM.Collect$$_printf_percent$$00000000)
    .ARM.Collect$$_printf_percent$$00000003  0x0800018c   Section        6  _printf_f.o(.ARM.Collect$$_printf_percent$$00000003)
    .ARM.Collect$$_printf_percent$$00000009  0x08000192   Section        6  _printf_d.o(.ARM.Collect$$_printf_percent$$00000009)
    .ARM.Collect$$_printf_percent$$00000017  0x08000198   Section        4  _printf_percent_end.o(.ARM.Collect$$_printf_percent$$00000017)
    .ARM.Collect$$libinit$$00000000          0x0800019c   Section        2  libinit.o(.ARM.Collect$$libinit$$00000000)
    .ARM.Collect$$libinit$$00000002          0x0800019e   Section        0  libinit2.o(.ARM.Collect$$libinit$$00000002)
    .ARM.Collect$$libinit$$00000004          0x0800019e   Section        0  libinit2.o(.ARM.Collect$$libinit$$00000004)
    .ARM.Collect$$libinit$$00000006          0x0800019e   Section        0  libinit2.o(.ARM.Collect$$libinit$$00000006)
    .ARM.Collect$$libinit$$0000000C          0x0800019e   Section        0  libinit2.o(.ARM.Collect$$libinit$$0000000C)
    .ARM.Collect$$libinit$$0000000E          0x0800019e   Section        0  libinit2.o(.ARM.Collect$$libinit$$0000000E)
    .ARM.Collect$$libinit$$00000010          0x0800019e   Section        0  libinit2.o(.ARM.Collect$$libinit$$00000010)
    .ARM.Collect$$libinit$$00000011          0x0800019e   Section        6  libinit2.o(.ARM.Collect$$libinit$$00000011)
    .ARM.Collect$$libinit$$00000013          0x080001a4   Section        0  libinit2.o(.ARM.Collect$$libinit$$00000013)
    .ARM.Collect$$libinit$$00000015          0x080001a4   Section        0  libinit2.o(.ARM.Collect$$libinit$$00000015)
    .ARM.Collect$$libinit$$00000017          0x080001a4   Section        0  libinit2.o(.ARM.Collect$$libinit$$00000017)
    .ARM.Collect$$libinit$$00000018          0x080001a4   Section       10  libinit2.o(.ARM.Collect$$libinit$$00000018)
    .ARM.Collect$$libinit$$00000019          0x080001ae   Section        0  libinit2.o(.ARM.Collect$$libinit$$00000019)
    .ARM.Collect$$libinit$$0000001B          0x080001ae   Section        0  libinit2.o(.ARM.Collect$$libinit$$0000001B)
    .ARM.Collect$$libinit$$0000001D          0x080001ae   Section        0  libinit2.o(.ARM.Collect$$libinit$$0000001D)
    .ARM.Collect$$libinit$$0000001F          0x080001ae   Section        0  libinit2.o(.ARM.Collect$$libinit$$0000001F)
    .ARM.Collect$$libinit$$00000021          0x080001ae   Section        0  libinit2.o(.ARM.Collect$$libinit$$00000021)
    .ARM.Collect$$libinit$$00000023          0x080001ae   Section        0  libinit2.o(.ARM.Collect$$libinit$$00000023)
    .ARM.Collect$$libinit$$00000025          0x080001ae   Section        0  libinit2.o(.ARM.Collect$$libinit$$00000025)
    .ARM.Collect$$libinit$$00000027          0x080001ae   Section        0  libinit2.o(.ARM.Collect$$libinit$$00000027)
    .ARM.Collect$$libinit$$0000002E          0x080001ae   Section        0  libinit2.o(.ARM.Collect$$libinit$$0000002E)
    .ARM.Collect$$libinit$$00000030          0x080001ae   Section        0  libinit2.o(.ARM.Collect$$libinit$$00000030)
    .ARM.Collect$$libinit$$00000032          0x080001ae   Section        0  libinit2.o(.ARM.Collect$$libinit$$00000032)
    .ARM.Collect$$libinit$$00000034          0x080001ae   Section        0  libinit2.o(.ARM.Collect$$libinit$$00000034)
    .ARM.Collect$$libinit$$00000035          0x080001ae   Section        2  libinit2.o(.ARM.Collect$$libinit$$00000035)
    .ARM.Collect$$libshutdown$$00000000      0x080001b0   Section        2  libshutdown.o(.ARM.Collect$$libshutdown$$00000000)
    .ARM.Collect$$libshutdown$$00000002      0x080001b2   Section        0  libshutdown2.o(.ARM.Collect$$libshutdown$$00000002)
    .ARM.Collect$$libshutdown$$00000004      0x080001b2   Section        0  libshutdown2.o(.ARM.Collect$$libshutdown$$00000004)
    .ARM.Collect$$libshutdown$$00000007      0x080001b2   Section        0  libshutdown2.o(.ARM.Collect$$libshutdown$$00000007)
    .ARM.Collect$$libshutdown$$0000000A      0x080001b2   Section        0  libshutdown2.o(.ARM.Collect$$libshutdown$$0000000A)
    .ARM.Collect$$libshutdown$$0000000C      0x080001b2   Section        0  libshutdown2.o(.ARM.Collect$$libshutdown$$0000000C)
    .ARM.Collect$$libshutdown$$0000000F      0x080001b2   Section        0  libshutdown2.o(.ARM.Collect$$libshutdown$$0000000F)
    .ARM.Collect$$libshutdown$$00000010      0x080001b2   Section        2  libshutdown2.o(.ARM.Collect$$libshutdown$$00000010)
    .ARM.Collect$$rtentry$$00000000          0x080001b4   Section        0  __rtentry.o(.ARM.Collect$$rtentry$$00000000)
    .ARM.Collect$$rtentry$$00000002          0x080001b4   Section        0  __rtentry2.o(.ARM.Collect$$rtentry$$00000002)
    .ARM.Collect$$rtentry$$00000004          0x080001b4   Section        6  __rtentry4.o(.ARM.Collect$$rtentry$$00000004)
    .ARM.Collect$$rtentry$$00000009          0x080001ba   Section        0  __rtentry2.o(.ARM.Collect$$rtentry$$00000009)
    .ARM.Collect$$rtentry$$0000000A          0x080001ba   Section        4  __rtentry2.o(.ARM.Collect$$rtentry$$0000000A)
    .ARM.Collect$$rtentry$$0000000C          0x080001be   Section        0  __rtentry2.o(.ARM.Collect$$rtentry$$0000000C)
    .ARM.Collect$$rtentry$$0000000D          0x080001be   Section        8  __rtentry2.o(.ARM.Collect$$rtentry$$0000000D)
    .ARM.Collect$$rtexit$$00000000           0x080001c6   Section        2  rtexit.o(.ARM.Collect$$rtexit$$00000000)
    .ARM.Collect$$rtexit$$00000002           0x080001c8   Section        0  rtexit2.o(.ARM.Collect$$rtexit$$00000002)
    .ARM.Collect$$rtexit$$00000003           0x080001c8   Section        4  rtexit2.o(.ARM.Collect$$rtexit$$00000003)
    .ARM.Collect$$rtexit$$00000004           0x080001cc   Section        6  rtexit2.o(.ARM.Collect$$rtexit$$00000004)
    .text                                    0x080001d4   Section       64  startup_stm32f103xb.o(.text)
    .text                                    0x08000214   Section        0  noretval__2sprintf.o(.text)
    .text                                    0x0800023c   Section        0  _printf_dec.o(.text)
    .text                                    0x080002b4   Section        0  __printf_ss.o(.text)
    .text                                    0x0800036c   Section        0  strlen.o(.text)
    .text                                    0x080003aa   Section       78  rt_memclr_w.o(.text)
    .text                                    0x080003f8   Section        0  heapauxi.o(.text)
    .text                                    0x080003fe   Section        0  _rserrno.o(.text)
    .text                                    0x08000414   Section        0  _printf_intcommon.o(.text)
    _fp_digits                               0x080004c7   Thumb Code   432  _printf_fp_dec.o(.text)
    .text                                    0x080004c6   Section        0  _printf_fp_dec.o(.text)
    _printf_input_char                       0x080008e5   Thumb Code    10  _printf_char_common.o(.text)
    .text                                    0x080008e4   Section        0  _printf_char_common.o(.text)
    .text                                    0x08000914   Section        0  _sputc.o(.text)
    .text                                    0x08000920   Section        8  rt_locale_intlibspace.o(.text)
    .text                                    0x08000928   Section        8  rt_errno_addr_intlibspace.o(.text)
    .text                                    0x08000930   Section      138  lludiv10.o(.text)
    .text                                    0x080009bc   Section        0  _printf_fp_infnan.o(.text)
    .text                                    0x08000a3c   Section        0  bigflt0.o(.text)
    .text                                    0x08000b20   Section        8  libspace.o(.text)
    .text                                    0x08000b28   Section       74  sys_stackheap_outer.o(.text)
    .text                                    0x08000b72   Section        0  exit.o(.text)
    .text                                    0x08000b84   Section      128  strcmpv7m.o(.text)
    .text                                    0x08000c04   Section        0  sys_exit.o(.text)
    .text                                    0x08000c10   Section        2  use_no_semi.o(.text)
    .text                                    0x08000c12   Section        0  indicate_semi.o(.text)
    [Anonymous Symbol]                       0x08000c14   Section        0  stm32f1xx_hal_adc.o(.text.ADC_Enable)
    [Anonymous Symbol]                       0x08000cc4   Section        0  stm32f1xx_it.o(.text.BusFault_Handler)
    [Anonymous Symbol]                       0x08000cc8   Section        0  stm32f1xx_it.o(.text.DebugMon_Handler)
    [Anonymous Symbol]                       0x08000ccc   Section        0  stm32f1xx_hal_adc.o(.text.HAL_ADC_ConfigChannel)
    [Anonymous Symbol]                       0x08000e44   Section        0  stm32f1xx_hal_adc.o(.text.HAL_ADC_GetValue)
    [Anonymous Symbol]                       0x08000e4c   Section        0  stm32f1xx_hal_adc.o(.text.HAL_ADC_Init)
    [Anonymous Symbol]                       0x08000fa4   Section        0  stm32f1xx_hal_msp.o(.text.HAL_ADC_MspInit)
    [Anonymous Symbol]                       0x0800100c   Section        0  stm32f1xx_hal_adc.o(.text.HAL_ADC_PollForConversion)
    [Anonymous Symbol]                       0x0800127c   Section        0  stm32f1xx_hal_adc.o(.text.HAL_ADC_Start)
    [Anonymous Symbol]                       0x0800134c   Section        0  stm32f1xx_hal_adc.o(.text.HAL_ADC_Stop)
    [Anonymous Symbol]                       0x080013cc   Section        0  stm32f1xx_hal_dma.o(.text.HAL_DMA_Abort)
    [Anonymous Symbol]                       0x08001414   Section        0  stm32f1xx_hal_dma.o(.text.HAL_DMA_Abort_IT)
    [Anonymous Symbol]                       0x080014cc   Section        0  stm32f1xx_hal.o(.text.HAL_Delay)
    [Anonymous Symbol]                       0x080014f4   Section        0  stm32f1xx_hal_gpio.o(.text.HAL_GPIO_Init)
    [Anonymous Symbol]                       0x08001704   Section        0  stm32f1xx_hal_gpio.o(.text.HAL_GPIO_ReadPin)
    [Anonymous Symbol]                       0x08001710   Section        0  stm32f1xx_hal_gpio.o(.text.HAL_GPIO_WritePin)
    [Anonymous Symbol]                       0x0800171c   Section        0  stm32f1xx_hal.o(.text.HAL_GetTick)
    [Anonymous Symbol]                       0x08001728   Section        0  stm32f1xx_hal.o(.text.HAL_IncTick)
    [Anonymous Symbol]                       0x08001744   Section        0  stm32f1xx_hal.o(.text.HAL_Init)
    [Anonymous Symbol]                       0x0800176c   Section        0  stm32f1xx_hal.o(.text.HAL_InitTick)
    [Anonymous Symbol]                       0x080017b4   Section        0  stm32f1xx_hal_msp.o(.text.HAL_MspInit)
    [Anonymous Symbol]                       0x080017f8   Section        0  stm32f1xx_hal_cortex.o(.text.HAL_NVIC_EnableIRQ)
    [Anonymous Symbol]                       0x0800181c   Section        0  stm32f1xx_hal_cortex.o(.text.HAL_NVIC_SetPriority)
    [Anonymous Symbol]                       0x08001874   Section        0  stm32f1xx_hal_cortex.o(.text.HAL_NVIC_SetPriorityGrouping)
    [Anonymous Symbol]                       0x08001894   Section        0  stm32f1xx_hal_rcc_ex.o(.text.HAL_RCCEx_GetPeriphCLKFreq)
    HAL_RCCEx_GetPeriphCLKFreq.aPLLMULFactorTable 0x08001978   Number         0  stm32f1xx_hal_rcc_ex.o(.text.HAL_RCCEx_GetPeriphCLKFreq)
    HAL_RCCEx_GetPeriphCLKFreq.aPredivFactorTable 0x08001988   Number         0  stm32f1xx_hal_rcc_ex.o(.text.HAL_RCCEx_GetPeriphCLKFreq)
    [Anonymous Symbol]                       0x0800198c   Section        0  stm32f1xx_hal_rcc_ex.o(.text.HAL_RCCEx_PeriphCLKConfig)
    [Anonymous Symbol]                       0x08001a90   Section        0  stm32f1xx_hal_rcc.o(.text.HAL_RCC_ClockConfig)
    [Anonymous Symbol]                       0x08001c4c   Section        0  stm32f1xx_hal_rcc.o(.text.HAL_RCC_GetPCLK1Freq)
    [Anonymous Symbol]                       0x08001c74   Section        0  stm32f1xx_hal_rcc.o(.text.HAL_RCC_GetPCLK2Freq)
    [Anonymous Symbol]                       0x08001c9c   Section        0  stm32f1xx_hal_rcc.o(.text.HAL_RCC_OscConfig)
    [Anonymous Symbol]                       0x0800209c   Section        0  stm32f1xx_hal_cortex.o(.text.HAL_SYSTICK_Config)
    [Anonymous Symbol]                       0x080020c8   Section        0  stm32f1xx_hal_uart.o(.text.HAL_UARTEx_RxEventCallback)
    [Anonymous Symbol]                       0x080020cc   Section        0  stm32f1xx_hal_uart.o(.text.HAL_UART_ErrorCallback)
    [Anonymous Symbol]                       0x080020d0   Section        0  stm32f1xx_hal_uart.o(.text.HAL_UART_IRQHandler)
    [Anonymous Symbol]                       0x08002640   Section        0  stm32f1xx_hal_uart.o(.text.HAL_UART_Init)
    [Anonymous Symbol]                       0x08002724   Section        0  stm32f1xx_hal_msp.o(.text.HAL_UART_MspInit)
    [Anonymous Symbol]                       0x080027b4   Section        0  stm32f1xx_hal_uart.o(.text.HAL_UART_RxCpltCallback)
    [Anonymous Symbol]                       0x080027b8   Section        0  stm32f1xx_hal_uart.o(.text.HAL_UART_Transmit)
    [Anonymous Symbol]                       0x08002a2c   Section        0  stm32f1xx_hal_uart.o(.text.HAL_UART_TxCpltCallback)
    [Anonymous Symbol]                       0x08002a30   Section        0  stm32f1xx_it.o(.text.HardFault_Handler)
    [Anonymous Symbol]                       0x08002a34   Section        0  lcd_16x2.o(.text.Lcd_Init)
    [Anonymous Symbol]                       0x08002b70   Section        0  lcd_16x2.o(.text.Lcd_gotoxy)
    [Anonymous Symbol]                       0x08002b88   Section        0  lcd_16x2.o(.text.Lcd_write_string)
    [Anonymous Symbol]                       0x08002bb0   Section        0  stm32f1xx_it.o(.text.MemManage_Handler)
    [Anonymous Symbol]                       0x08002bb4   Section        0  stm32f1xx_it.o(.text.NMI_Handler)
    [Anonymous Symbol]                       0x08002bb8   Section        0  stm32f1xx_it.o(.text.PendSV_Handler)
    [Anonymous Symbol]                       0x08002bbc   Section        0  stm32f1xx_it.o(.text.SVC_Handler)
    [Anonymous Symbol]                       0x08002bc0   Section        0  stm32f1xx_it.o(.text.SysTick_Handler)
    [Anonymous Symbol]                       0x08002bc4   Section        0  system_stm32f1xx.o(.text.SystemInit)
    UART_DMAAbortOnError                     0x08002bc9   Thumb Code    12  stm32f1xx_hal_uart.o(.text.UART_DMAAbortOnError)
    [Anonymous Symbol]                       0x08002bc8   Section        0  stm32f1xx_hal_uart.o(.text.UART_DMAAbortOnError)
    UART_Receive_IT                          0x08002bd5   Thumb Code   254  stm32f1xx_hal_uart.o(.text.UART_Receive_IT)
    [Anonymous Symbol]                       0x08002bd4   Section        0  stm32f1xx_hal_uart.o(.text.UART_Receive_IT)
    [Anonymous Symbol]                       0x08002cd4   Section        0  stm32f1xx_it.o(.text.USART1_IRQHandler)
    [Anonymous Symbol]                       0x08002ce0   Section        0  stm32f1xx_it.o(.text.UsageFault_Handler)
    lcd_write_command                        0x08002ce5   Thumb Code   182  lcd_16x2.o(.text.lcd_write_command)
    [Anonymous Symbol]                       0x08002ce4   Section        0  lcd_16x2.o(.text.lcd_write_command)
    lcd_write_data                           0x08002d9d   Thumb Code   182  lcd_16x2.o(.text.lcd_write_data)
    [Anonymous Symbol]                       0x08002d9c   Section        0  lcd_16x2.o(.text.lcd_write_data)
    [Anonymous Symbol]                       0x08002e54   Section        0  main.o(.text.main)
    CL$$btod_d2e                             0x080031b8   Section       62  btod.o(CL$$btod_d2e)
    CL$$btod_d2e_denorm_low                  0x080031f6   Section       70  btod.o(CL$$btod_d2e_denorm_low)
    CL$$btod_d2e_norm_op1                    0x0800323c   Section       96  btod.o(CL$$btod_d2e_norm_op1)
    CL$$btod_div_common                      0x0800329c   Section      824  btod.o(CL$$btod_div_common)
    CL$$btod_e2e                             0x080035d4   Section      220  btod.o(CL$$btod_e2e)
    CL$$btod_ediv                            0x080036b0   Section       42  btod.o(CL$$btod_ediv)
    CL$$btod_emul                            0x080036da   Section       42  btod.o(CL$$btod_emul)
    CL$$btod_mult_common                     0x08003704   Section      580  btod.o(CL$$btod_mult_common)
    i.__ARM_fpclassify                       0x08003948   Section        0  fpclassify.o(i.__ARM_fpclassify)
    i.__kernel_poly                          0x08003970   Section        0  poly.o(i.__kernel_poly)
    i.__mathlib_dbl_divzero                  0x08003a1c   Section        0  dunder.o(i.__mathlib_dbl_divzero)
    i.__mathlib_dbl_infnan                   0x08003a2c   Section        0  dunder.o(i.__mathlib_dbl_infnan)
    i.__mathlib_dbl_infnan2                  0x08003a32   Section        0  dunder.o(i.__mathlib_dbl_infnan2)
    i.__mathlib_dbl_invalid                  0x08003a36   Section        0  dunder.o(i.__mathlib_dbl_invalid)
    i.__mathlib_dbl_overflow                 0x08003a42   Section        0  dunder.o(i.__mathlib_dbl_overflow)
    i.__mathlib_dbl_underflow                0x08003a50   Section        0  dunder.o(i.__mathlib_dbl_underflow)
    i.log                                    0x08003a60   Section        0  log.o(i.log)
    i.log10                                  0x08003dbc   Section        0  log10.o(i.log10)
    i.pow                                    0x08003ea0   Section        0  pow.o(i.pow)
    i.sqrt                                   0x0800488c   Section        0  sqrt.o(i.sqrt)
    locale$$code                             0x080048d8   Section       44  lc_numeric_c.o(locale$$code)
    x$fpl$d2f                                0x08004904   Section       98  d2f.o(x$fpl$d2f)
    x$fpl$dadd                               0x08004968   Section      336  daddsub_clz.o(x$fpl$dadd)
    _dadd1                                   0x08004979   Thumb Code     0  daddsub_clz.o(x$fpl$dadd)
    x$fpl$dcheck1                            0x08004ab8   Section       16  dcheck1.o(x$fpl$dcheck1)
    x$fpl$dcmpinf                            0x08004ac8   Section       24  dcmpi.o(x$fpl$dcmpinf)
    x$fpl$ddiv                               0x08004ae0   Section      696  ddiv.o(x$fpl$ddiv)
    ddiv_entry                               0x08004ae7   Thumb Code     0  ddiv.o(x$fpl$ddiv)
    x$fpl$deqf                               0x08004d98   Section      120  deqf.o(x$fpl$deqf)
    x$fpl$dflt                               0x08004e10   Section       46  dflt_clz.o(x$fpl$dflt)
    x$fpl$dleqf                              0x08004e40   Section      120  dleqf.o(x$fpl$dleqf)
    x$fpl$dmul                               0x08004eb8   Section      340  dmul.o(x$fpl$dmul)
    x$fpl$dnaninf                            0x0800500c   Section      156  dnaninf.o(x$fpl$dnaninf)
    x$fpl$dretinf                            0x080050a8   Section       12  dretinf.o(x$fpl$dretinf)
    x$fpl$drleqf                             0x080050b4   Section      108  drleqf.o(x$fpl$drleqf)
    x$fpl$drsb                               0x08005120   Section       22  daddsub_clz.o(x$fpl$drsb)
    x$fpl$dsqrt                              0x08005138   Section      460  dsqrt_noumaal.o(x$fpl$dsqrt)
    x$fpl$dsub                               0x08005304   Section      476  daddsub_clz.o(x$fpl$dsub)
    _dsub1                                   0x08005315   Thumb Code     0  daddsub_clz.o(x$fpl$dsub)
    x$fpl$f2d                                0x080054e0   Section       86  f2d.o(x$fpl$f2d)
    x$fpl$fadd                               0x08005538   Section      196  faddsub_clz.o(x$fpl$fadd)
    _fadd1                                   0x08005547   Thumb Code     0  faddsub_clz.o(x$fpl$fadd)
    _fdiv1                                   0x080055fd   Thumb Code     0  fdiv.o(x$fpl$fdiv)
    x$fpl$fdiv                               0x080055fc   Section      388  fdiv.o(x$fpl$fdiv)
    x$fpl$ffltu                              0x08005780   Section       38  fflt_clz.o(x$fpl$ffltu)
    x$fpl$fmul                               0x080057a8   Section      258  fmul.o(x$fpl$fmul)
    x$fpl$fnaninf                            0x080058aa   Section      140  fnaninf.o(x$fpl$fnaninf)
    x$fpl$fretinf                            0x08005936   Section       10  fretinf.o(x$fpl$fretinf)
    x$fpl$fsub                               0x08005940   Section      234  faddsub_clz.o(x$fpl$fsub)
    _fsub1                                   0x0800594f   Thumb Code     0  faddsub_clz.o(x$fpl$fsub)
    x$fpl$printf1                            0x08005a2a   Section        4  printf1.o(x$fpl$printf1)
    x$fpl$retnan                             0x08005a2e   Section      100  retnan.o(x$fpl$retnan)
    x$fpl$scalbn                             0x08005a92   Section       92  scalbn.o(x$fpl$scalbn)
    x$fpl$trapveneer                         0x08005aee   Section       48  trapv.o(x$fpl$trapveneer)
    x$fpl$usenofp                            0x08005b1e   Section        0  usenofp.o(x$fpl$usenofp)
    bp                                       0x08005b20   Data          16  pow.o(.constdata)
    .constdata                               0x08005b20   Section      136  pow.o(.constdata)
    dp_h                                     0x08005b30   Data          16  pow.o(.constdata)
    dp_l                                     0x08005b40   Data          16  pow.o(.constdata)
    L                                        0x08005b50   Data          48  pow.o(.constdata)
    P                                        0x08005b80   Data          40  pow.o(.constdata)
    Lg2                                      0x08005ba8   Data          24  log.o(.constdata)
    .constdata                               0x08005ba8   Section       56  log.o(.constdata)
    Lg                                       0x08005bc0   Data          32  log.o(.constdata)
    .constdata                               0x08005be0   Section        8  qnan.o(.constdata)
    tenpwrs_x                                0x08005be8   Data          60  bigflt0.o(.constdata)
    .constdata                               0x08005be8   Section      148  bigflt0.o(.constdata)
    tenpwrs_i                                0x08005c24   Data          64  bigflt0.o(.constdata)
    HAL_RCC_GetSysClockFreq.aPredivFactorTable 0x08005c94   Data           2  stm32f1xx_hal_rcc.o(.rodata.HAL_RCC_GetSysClockFreq.aPredivFactorTable)
    [Anonymous Symbol]                       0x08005c94   Section        0  stm32f1xx_hal_rcc.o(.rodata.HAL_RCC_GetSysClockFreq.aPredivFactorTable)
    HAL_RCC_GetSysClockFreq.aPLLMULFactorTable 0x08005c96   Data          16  stm32f1xx_hal_rcc.o(.rodata.cst16)
    [Anonymous Symbol]                       0x08005c96   Section        0  stm32f1xx_hal_rcc.o(.rodata.cst16)
    .L.str                                   0x08005ca6   Data          76  main.o(.rodata.str1.1)
    [Anonymous Symbol]                       0x08005ca6   Section        0  main.o(.rodata.str1.1)
    locale$$data                             0x08005d14   Section       28  lc_numeric_c.o(locale$$data)
    __lcnum_c_name                           0x08005d18   Data           2  lc_numeric_c.o(locale$$data)
    __lcnum_c_start                          0x08005d20   Data           0  lc_numeric_c.o(locale$$data)
    __lcnum_c_point                          0x08005d2c   Data           0  lc_numeric_c.o(locale$$data)
    __lcnum_c_thousands                      0x08005d2e   Data           0  lc_numeric_c.o(locale$$data)
    __lcnum_c_grouping                       0x08005d2f   Data           0  lc_numeric_c.o(locale$$data)
    __lcnum_c_end                            0x08005d30   Data           0  lc_numeric_c.o(locale$$data)
    .L_MergedGlobals                         0x20000000   Data          24  lcd_16x2.o(.data..L_MergedGlobals)
    [Anonymous Symbol]                       0x20000000   Section        0  lcd_16x2.o(.data..L_MergedGlobals)
    .L_MergedGlobals                         0x20000018   Data         114  main.o(.data..L_MergedGlobals)
    [Anonymous Symbol]                       0x20000018   Section        0  main.o(.data..L_MergedGlobals)
    .L_MergedGlobals                         0x2000008c   Data           8  stm32f1xx_hal.o(.data..L_MergedGlobals)
    [Anonymous Symbol]                       0x2000008c   Section        0  stm32f1xx_hal.o(.data..L_MergedGlobals)
    .bss                                     0x20000098   Section       96  libspace.o(.bss)
    .L_MergedGlobals.5                       0x200000f8   Data         124  main.o(.bss..L_MergedGlobals.5)
    [Anonymous Symbol]                       0x200000f8   Section        0  main.o(.bss..L_MergedGlobals.5)
    Heap_Mem                                 0x20000178   Data         512  startup_stm32f103xb.o(HEAP)
    HEAP                                     0x20000178   Section      512  startup_stm32f103xb.o(HEAP)
    Stack_Mem                                0x20000378   Data        1024  startup_stm32f103xb.o(STACK)
    STACK                                    0x20000378   Section     1024  startup_stm32f103xb.o(STACK)
    __initial_sp                             0x20000778   Data           0  startup_stm32f103xb.o(STACK)

    Global Symbols

    Symbol Name                              Value     Ov Type        Size  Object(Section)

    BuildAttributes$$THM_ISAv4$P$D$K$B$S$PE$A:L22UL41UL21$X:L11$S22US41US21$IEEE1$IW$~IW$USESV6$~STKCKD$USESV7$~SHL$OTIME$ROPI$IEEEX$EBA8$UX$STANDARDLIB$REQ8$PRES8$EABIv2 0x00000000   Number         0  anon$$obj.o ABSOLUTE
    __fp_init_empty                          0x00000000   Number         0  fpinit_empty.o ABSOLUTE
    _printf_flags                            0x00000000   Number         0  printf_stubs.o ABSOLUTE
    _printf_return_value                     0x00000000   Number         0  printf_stubs.o ABSOLUTE
    _printf_sizespec                         0x00000000   Number         0  printf_stubs.o ABSOLUTE
    _printf_widthprec                        0x00000000   Number         0  printf_stubs.o ABSOLUTE
    __ARM_exceptions_init                     - Undefined Weak Reference
    __alloca_initialize                       - Undefined Weak Reference
    __arm_preinit_                            - Undefined Weak Reference
    __arm_relocate_pie_                       - Undefined Weak Reference
    __cpp_initialize__aeabi_                  - Undefined Weak Reference
    __cxa_finalize                            - Undefined Weak Reference
    __sigvec_lookup                           - Undefined Weak Reference
    _atexit_init                              - Undefined Weak Reference
    _call_atexit_fns                          - Undefined Weak Reference
    _clock_init                               - Undefined Weak Reference
    _fp_trap_init                             - Undefined Weak Reference
    _fp_trap_shutdown                         - Undefined Weak Reference
    _get_lc_collate                           - Undefined Weak Reference
    _get_lc_ctype                             - Undefined Weak Reference
    _get_lc_monetary                          - Undefined Weak Reference
    _get_lc_time                              - Undefined Weak Reference
    _getenv_init                              - Undefined Weak Reference
    _handle_redirection                       - Undefined Weak Reference
    _init_alloc                               - Undefined Weak Reference
    _init_user_alloc                          - Undefined Weak Reference
    _initio                                   - Undefined Weak Reference
    _printf_post_padding                      - Undefined Weak Reference
    _printf_pre_padding                       - Undefined Weak Reference
    _printf_truncate_signed                   - Undefined Weak Reference
    _printf_truncate_unsigned                 - Undefined Weak Reference
    _rand_init                                - Undefined Weak Reference
    _signal_finish                            - Undefined Weak Reference
    _signal_init                              - Undefined Weak Reference
    _terminate_alloc                          - Undefined Weak Reference
    _terminate_user_alloc                     - Undefined Weak Reference
    _terminateio                              - Undefined Weak Reference
    __Vectors_Size                           0x000000ec   Number         0  startup_stm32f103xb.o ABSOLUTE
    __Vectors                                0x08000000   Data           4  startup_stm32f103xb.o(RESET)
    __Vectors_End                            0x080000ec   Data           0  startup_stm32f103xb.o(RESET)
    __main                                   0x080000ed   Thumb Code     8  __main.o(!!!main)
    __scatterload                            0x080000f5   Thumb Code     0  __scatter.o(!!!scatter)
    __scatterload_rt2                        0x080000f5   Thumb Code    84  __scatter.o(!!!scatter)
    __scatterload_rt2_thumb_only             0x080000f5   Thumb Code     0  __scatter.o(!!!scatter)
    __scatterload_loop                       0x080000ff   Thumb Code     0  __scatter.o(!!!scatter)
    __scatterload_copy                       0x08000151   Thumb Code    26  __scatter_copy.o(!!handler_copy)
    __scatterload_null                       0x0800016d   Thumb Code     2  __scatter.o(!!handler_null)
    __scatterload_zeroinit                   0x08000171   Thumb Code    28  __scatter_zi.o(!!handler_zi)
    _printf_f                                0x0800018d   Thumb Code     0  _printf_f.o(.ARM.Collect$$_printf_percent$$00000003)
    _printf_percent                          0x0800018d   Thumb Code     0  _printf_percent.o(.ARM.Collect$$_printf_percent$$00000000)
    _printf_d                                0x08000193   Thumb Code     0  _printf_d.o(.ARM.Collect$$_printf_percent$$00000009)
    _printf_percent_end                      0x08000199   Thumb Code     0  _printf_percent_end.o(.ARM.Collect$$_printf_percent$$00000017)
    __rt_lib_init                            0x0800019d   Thumb Code     0  libinit.o(.ARM.Collect$$libinit$$00000000)
    __rt_lib_init_fp_1                       0x0800019f   Thumb Code     0  libinit2.o(.ARM.Collect$$libinit$$00000002)
    __rt_lib_init_heap_1                     0x0800019f   Thumb Code     0  libinit2.o(.ARM.Collect$$libinit$$0000000C)
    __rt_lib_init_lc_common                  0x0800019f   Thumb Code     0  libinit2.o(.ARM.Collect$$libinit$$00000011)
    __rt_lib_init_preinit_1                  0x0800019f   Thumb Code     0  libinit2.o(.ARM.Collect$$libinit$$00000006)
    __rt_lib_init_rand_1                     0x0800019f   Thumb Code     0  libinit2.o(.ARM.Collect$$libinit$$00000010)
    __rt_lib_init_relocate_pie_1             0x0800019f   Thumb Code     0  libinit2.o(.ARM.Collect$$libinit$$00000004)
    __rt_lib_init_user_alloc_1               0x0800019f   Thumb Code     0  libinit2.o(.ARM.Collect$$libinit$$0000000E)
    __rt_lib_init_lc_collate_1               0x080001a5   Thumb Code     0  libinit2.o(.ARM.Collect$$libinit$$00000013)
    __rt_lib_init_lc_ctype_1                 0x080001a5   Thumb Code     0  libinit2.o(.ARM.Collect$$libinit$$00000015)
    __rt_lib_init_lc_monetary_1              0x080001a5   Thumb Code     0  libinit2.o(.ARM.Collect$$libinit$$00000017)
    __rt_lib_init_lc_numeric_2               0x080001a5   Thumb Code     0  libinit2.o(.ARM.Collect$$libinit$$00000018)
    __rt_lib_init_alloca_1                   0x080001af   Thumb Code     0  libinit2.o(.ARM.Collect$$libinit$$00000030)
    __rt_lib_init_argv_1                     0x080001af   Thumb Code     0  libinit2.o(.ARM.Collect$$libinit$$0000002E)
    __rt_lib_init_atexit_1                   0x080001af   Thumb Code     0  libinit2.o(.ARM.Collect$$libinit$$0000001D)
    __rt_lib_init_clock_1                    0x080001af   Thumb Code     0  libinit2.o(.ARM.Collect$$libinit$$00000023)
    __rt_lib_init_cpp_1                      0x080001af   Thumb Code     0  libinit2.o(.ARM.Collect$$libinit$$00000034)
    __rt_lib_init_exceptions_1               0x080001af   Thumb Code     0  libinit2.o(.ARM.Collect$$libinit$$00000032)
    __rt_lib_init_fp_trap_1                  0x080001af   Thumb Code     0  libinit2.o(.ARM.Collect$$libinit$$00000021)
    __rt_lib_init_getenv_1                   0x080001af   Thumb Code     0  libinit2.o(.ARM.Collect$$libinit$$00000025)
    __rt_lib_init_lc_numeric_1               0x080001af   Thumb Code     0  libinit2.o(.ARM.Collect$$libinit$$00000019)
    __rt_lib_init_lc_time_1                  0x080001af   Thumb Code     0  libinit2.o(.ARM.Collect$$libinit$$0000001B)
    __rt_lib_init_return                     0x080001af   Thumb Code     0  libinit2.o(.ARM.Collect$$libinit$$00000035)
    __rt_lib_init_signal_1                   0x080001af   Thumb Code     0  libinit2.o(.ARM.Collect$$libinit$$0000001F)
    __rt_lib_init_stdio_1                    0x080001af   Thumb Code     0  libinit2.o(.ARM.Collect$$libinit$$00000027)
    __rt_lib_shutdown                        0x080001b1   Thumb Code     0  libshutdown.o(.ARM.Collect$$libshutdown$$00000000)
    __rt_lib_shutdown_cpp_1                  0x080001b3   Thumb Code     0  libshutdown2.o(.ARM.Collect$$libshutdown$$00000002)
    __rt_lib_shutdown_fp_trap_1              0x080001b3   Thumb Code     0  libshutdown2.o(.ARM.Collect$$libshutdown$$00000007)
    __rt_lib_shutdown_heap_1                 0x080001b3   Thumb Code     0  libshutdown2.o(.ARM.Collect$$libshutdown$$0000000F)
    __rt_lib_shutdown_return                 0x080001b3   Thumb Code     0  libshutdown2.o(.ARM.Collect$$libshutdown$$00000010)
    __rt_lib_shutdown_signal_1               0x080001b3   Thumb Code     0  libshutdown2.o(.ARM.Collect$$libshutdown$$0000000A)
    __rt_lib_shutdown_stdio_1                0x080001b3   Thumb Code     0  libshutdown2.o(.ARM.Collect$$libshutdown$$00000004)
    __rt_lib_shutdown_user_alloc_1           0x080001b3   Thumb Code     0  libshutdown2.o(.ARM.Collect$$libshutdown$$0000000C)
    __rt_entry                               0x080001b5   Thumb Code     0  __rtentry.o(.ARM.Collect$$rtentry$$00000000)
    __rt_entry_presh_1                       0x080001b5   Thumb Code     0  __rtentry2.o(.ARM.Collect$$rtentry$$00000002)
    __rt_entry_sh                            0x080001b5   Thumb Code     0  __rtentry4.o(.ARM.Collect$$rtentry$$00000004)
    __rt_entry_li                            0x080001bb   Thumb Code     0  __rtentry2.o(.ARM.Collect$$rtentry$$0000000A)
    __rt_entry_postsh_1                      0x080001bb   Thumb Code     0  __rtentry2.o(.ARM.Collect$$rtentry$$00000009)
    __rt_entry_main                          0x080001bf   Thumb Code     0  __rtentry2.o(.ARM.Collect$$rtentry$$0000000D)
    __rt_entry_postli_1                      0x080001bf   Thumb Code     0  __rtentry2.o(.ARM.Collect$$rtentry$$0000000C)
    __rt_exit                                0x080001c7   Thumb Code     0  rtexit.o(.ARM.Collect$$rtexit$$00000000)
    __rt_exit_ls                             0x080001c9   Thumb Code     0  rtexit2.o(.ARM.Collect$$rtexit$$00000003)
    __rt_exit_prels_1                        0x080001c9   Thumb Code     0  rtexit2.o(.ARM.Collect$$rtexit$$00000002)
    __rt_exit_exit                           0x080001cd   Thumb Code     0  rtexit2.o(.ARM.Collect$$rtexit$$00000004)
    Reset_Handler                            0x080001d5   Thumb Code     8  startup_stm32f103xb.o(.text)
    ADC1_2_IRQHandler                        0x080001ef   Thumb Code     0  startup_stm32f103xb.o(.text)
    CAN1_RX1_IRQHandler                      0x080001ef   Thumb Code     0  startup_stm32f103xb.o(.text)
    CAN1_SCE_IRQHandler                      0x080001ef   Thumb Code     0  startup_stm32f103xb.o(.text)
    DMA1_Channel1_IRQHandler                 0x080001ef   Thumb Code     0  startup_stm32f103xb.o(.text)
    DMA1_Channel2_IRQHandler                 0x080001ef   Thumb Code     0  startup_stm32f103xb.o(.text)
    DMA1_Channel3_IRQHandler                 0x080001ef   Thumb Code     0  startup_stm32f103xb.o(.text)
    DMA1_Channel4_IRQHandler                 0x080001ef   Thumb Code     0  startup_stm32f103xb.o(.text)
    DMA1_Channel5_IRQHandler                 0x080001ef   Thumb Code     0  startup_stm32f103xb.o(.text)
    DMA1_Channel6_IRQHandler                 0x080001ef   Thumb Code     0  startup_stm32f103xb.o(.text)
    DMA1_Channel7_IRQHandler                 0x080001ef   Thumb Code     0  startup_stm32f103xb.o(.text)
    EXTI0_IRQHandler                         0x080001ef   Thumb Code     0  startup_stm32f103xb.o(.text)
    EXTI15_10_IRQHandler                     0x080001ef   Thumb Code     0  startup_stm32f103xb.o(.text)
    EXTI1_IRQHandler                         0x080001ef   Thumb Code     0  startup_stm32f103xb.o(.text)
    EXTI2_IRQHandler                         0x080001ef   Thumb Code     0  startup_stm32f103xb.o(.text)
    EXTI3_IRQHandler                         0x080001ef   Thumb Code     0  startup_stm32f103xb.o(.text)
    EXTI4_IRQHandler                         0x080001ef   Thumb Code     0  startup_stm32f103xb.o(.text)
    EXTI9_5_IRQHandler                       0x080001ef   Thumb Code     0  startup_stm32f103xb.o(.text)
    FLASH_IRQHandler                         0x080001ef   Thumb Code     0  startup_stm32f103xb.o(.text)
    I2C1_ER_IRQHandler                       0x080001ef   Thumb Code     0  startup_stm32f103xb.o(.text)
    I2C1_EV_IRQHandler                       0x080001ef   Thumb Code     0  startup_stm32f103xb.o(.text)
    I2C2_ER_IRQHandler                       0x080001ef   Thumb Code     0  startup_stm32f103xb.o(.text)
    I2C2_EV_IRQHandler                       0x080001ef   Thumb Code     0  startup_stm32f103xb.o(.text)
    PVD_IRQHandler                           0x080001ef   Thumb Code     0  startup_stm32f103xb.o(.text)
    RCC_IRQHandler                           0x080001ef   Thumb Code     0  startup_stm32f103xb.o(.text)
    RTC_Alarm_IRQHandler                     0x080001ef   Thumb Code     0  startup_stm32f103xb.o(.text)
    RTC_IRQHandler                           0x080001ef   Thumb Code     0  startup_stm32f103xb.o(.text)
    SPI1_IRQHandler                          0x080001ef   Thumb Code     0  startup_stm32f103xb.o(.text)
    SPI2_IRQHandler                          0x080001ef   Thumb Code     0  startup_stm32f103xb.o(.text)
    TAMPER_IRQHandler                        0x080001ef   Thumb Code     0  startup_stm32f103xb.o(.text)
    TIM1_BRK_IRQHandler                      0x080001ef   Thumb Code     0  startup_stm32f103xb.o(.text)
    TIM1_CC_IRQHandler                       0x080001ef   Thumb Code     0  startup_stm32f103xb.o(.text)
    TIM1_TRG_COM_IRQHandler                  0x080001ef   Thumb Code     0  startup_stm32f103xb.o(.text)
    TIM1_UP_IRQHandler                       0x080001ef   Thumb Code     0  startup_stm32f103xb.o(.text)
    TIM2_IRQHandler                          0x080001ef   Thumb Code     0  startup_stm32f103xb.o(.text)
    TIM3_IRQHandler                          0x080001ef   Thumb Code     0  startup_stm32f103xb.o(.text)
    TIM4_IRQHandler                          0x080001ef   Thumb Code     0  startup_stm32f103xb.o(.text)
    USART2_IRQHandler                        0x080001ef   Thumb Code     0  startup_stm32f103xb.o(.text)
    USART3_IRQHandler                        0x080001ef   Thumb Code     0  startup_stm32f103xb.o(.text)
    USBWakeUp_IRQHandler                     0x080001ef   Thumb Code     0  startup_stm32f103xb.o(.text)
    USB_HP_CAN1_TX_IRQHandler                0x080001ef   Thumb Code     0  startup_stm32f103xb.o(.text)
    USB_LP_CAN1_RX0_IRQHandler               0x080001ef   Thumb Code     0  startup_stm32f103xb.o(.text)
    WWDG_IRQHandler                          0x080001ef   Thumb Code     0  startup_stm32f103xb.o(.text)
    __user_initial_stackheap                 0x080001f1   Thumb Code     0  startup_stm32f103xb.o(.text)
    __2sprintf                               0x08000215   Thumb Code    34  noretval__2sprintf.o(.text)
    _printf_int_dec                          0x0800023d   Thumb Code   104  _printf_dec.o(.text)
    __printf                                 0x080002b5   Thumb Code   184  __printf_ss.o(.text)
    strlen                                   0x0800036d   Thumb Code    62  strlen.o(.text)
    __aeabi_memclr4                          0x080003ab   Thumb Code     0  rt_memclr_w.o(.text)
    __aeabi_memclr8                          0x080003ab   Thumb Code     0  rt_memclr_w.o(.text)
    __rt_memclr_w                            0x080003ab   Thumb Code     0  rt_memclr_w.o(.text)
    _memset_w                                0x080003af   Thumb Code    74  rt_memclr_w.o(.text)
    __use_two_region_memory                  0x080003f9   Thumb Code     2  heapauxi.o(.text)
    __rt_heap_escrow$2region                 0x080003fb   Thumb Code     2  heapauxi.o(.text)
    __rt_heap_expand$2region                 0x080003fd   Thumb Code     2  heapauxi.o(.text)
    __read_errno                             0x080003ff   Thumb Code    10  _rserrno.o(.text)
    __set_errno                              0x08000409   Thumb Code    12  _rserrno.o(.text)
    _printf_int_common                       0x08000415   Thumb Code   178  _printf_intcommon.o(.text)
    _printf_fp_dec_real                      0x08000677   Thumb Code   620  _printf_fp_dec.o(.text)
    _printf_char_common                      0x080008ef   Thumb Code    32  _printf_char_common.o(.text)
    _sputc                                   0x08000915   Thumb Code    10  _sputc.o(.text)
    __rt_locale                              0x08000921   Thumb Code     8  rt_locale_intlibspace.o(.text)
    __aeabi_errno_addr                       0x08000929   Thumb Code     8  rt_errno_addr_intlibspace.o(.text)
    __errno$intlibspace                      0x08000929   Thumb Code     0  rt_errno_addr_intlibspace.o(.text)
    __rt_errno_addr$intlibspace              0x08000929   Thumb Code     0  rt_errno_addr_intlibspace.o(.text)
    _ll_udiv10                               0x08000931   Thumb Code   138  lludiv10.o(.text)
    _printf_fp_infnan                        0x080009bd   Thumb Code   112  _printf_fp_infnan.o(.text)
    _btod_etento                             0x08000a3d   Thumb Code   224  bigflt0.o(.text)
    __user_libspace                          0x08000b21   Thumb Code     8  libspace.o(.text)
    __user_perproc_libspace                  0x08000b21   Thumb Code     0  libspace.o(.text)
    __user_perthread_libspace                0x08000b21   Thumb Code     0  libspace.o(.text)
    __user_setup_stackheap                   0x08000b29   Thumb Code    74  sys_stackheap_outer.o(.text)
    exit                                     0x08000b73   Thumb Code    18  exit.o(.text)
    strcmp                                   0x08000b85   Thumb Code   128  strcmpv7m.o(.text)
    _sys_exit                                0x08000c05   Thumb Code     8  sys_exit.o(.text)
    __I$use$semihosting                      0x08000c11   Thumb Code     0  use_no_semi.o(.text)
    __use_no_semihosting_swi                 0x08000c11   Thumb Code     2  use_no_semi.o(.text)
    __semihosting_library_function           0x08000c13   Thumb Code     0  indicate_semi.o(.text)
    ADC_Enable                               0x08000c15   Thumb Code   174  stm32f1xx_hal_adc.o(.text.ADC_Enable)
    BusFault_Handler                         0x08000cc5   Thumb Code     2  stm32f1xx_it.o(.text.BusFault_Handler)
    DebugMon_Handler                         0x08000cc9   Thumb Code     2  stm32f1xx_it.o(.text.DebugMon_Handler)
    HAL_ADC_ConfigChannel                    0x08000ccd   Thumb Code   374  stm32f1xx_hal_adc.o(.text.HAL_ADC_ConfigChannel)
    HAL_ADC_GetValue                         0x08000e45   Thumb Code     6  stm32f1xx_hal_adc.o(.text.HAL_ADC_GetValue)
    HAL_ADC_Init                             0x08000e4d   Thumb Code   344  stm32f1xx_hal_adc.o(.text.HAL_ADC_Init)
    HAL_ADC_MspInit                          0x08000fa5   Thumb Code   102  stm32f1xx_hal_msp.o(.text.HAL_ADC_MspInit)
    HAL_ADC_PollForConversion                0x0800100d   Thumb Code   622  stm32f1xx_hal_adc.o(.text.HAL_ADC_PollForConversion)
    HAL_ADC_Start                            0x0800127d   Thumb Code   206  stm32f1xx_hal_adc.o(.text.HAL_ADC_Start)
    HAL_ADC_Stop                             0x0800134d   Thumb Code   126  stm32f1xx_hal_adc.o(.text.HAL_ADC_Stop)
    HAL_DMA_Abort                            0x080013cd   Thumb Code    70  stm32f1xx_hal_dma.o(.text.HAL_DMA_Abort)
    HAL_DMA_Abort_IT                         0x08001415   Thumb Code   182  stm32f1xx_hal_dma.o(.text.HAL_DMA_Abort_IT)
    HAL_Delay                                0x080014cd   Thumb Code    40  stm32f1xx_hal.o(.text.HAL_Delay)
    HAL_GPIO_Init                            0x080014f5   Thumb Code   526  stm32f1xx_hal_gpio.o(.text.HAL_GPIO_Init)
    HAL_GPIO_ReadPin                         0x08001705   Thumb Code    10  stm32f1xx_hal_gpio.o(.text.HAL_GPIO_ReadPin)
    HAL_GPIO_WritePin                        0x08001711   Thumb Code    10  stm32f1xx_hal_gpio.o(.text.HAL_GPIO_WritePin)
    HAL_GetTick                              0x0800171d   Thumb Code    12  stm32f1xx_hal.o(.text.HAL_GetTick)
    HAL_IncTick                              0x08001729   Thumb Code    26  stm32f1xx_hal.o(.text.HAL_IncTick)
    HAL_Init                                 0x08001745   Thumb Code    38  stm32f1xx_hal.o(.text.HAL_Init)
    HAL_InitTick                             0x0800176d   Thumb Code    72  stm32f1xx_hal.o(.text.HAL_InitTick)
    HAL_MspInit                              0x080017b5   Thumb Code    66  stm32f1xx_hal_msp.o(.text.HAL_MspInit)
    HAL_NVIC_EnableIRQ                       0x080017f9   Thumb Code    34  stm32f1xx_hal_cortex.o(.text.HAL_NVIC_EnableIRQ)
    HAL_NVIC_SetPriority                     0x0800181d   Thumb Code    86  stm32f1xx_hal_cortex.o(.text.HAL_NVIC_SetPriority)
    HAL_NVIC_SetPriorityGrouping             0x08001875   Thumb Code    32  stm32f1xx_hal_cortex.o(.text.HAL_NVIC_SetPriorityGrouping)
    HAL_RCCEx_GetPeriphCLKFreq               0x08001895   Thumb Code   228  stm32f1xx_hal_rcc_ex.o(.text.HAL_RCCEx_GetPeriphCLKFreq)
    HAL_RCCEx_PeriphCLKConfig                0x0800198d   Thumb Code   258  stm32f1xx_hal_rcc_ex.o(.text.HAL_RCCEx_PeriphCLKConfig)
    HAL_RCC_ClockConfig                      0x08001a91   Thumb Code   442  stm32f1xx_hal_rcc.o(.text.HAL_RCC_ClockConfig)
    HAL_RCC_GetPCLK1Freq                     0x08001c4d   Thumb Code    38  stm32f1xx_hal_rcc.o(.text.HAL_RCC_GetPCLK1Freq)
    HAL_RCC_GetPCLK2Freq                     0x08001c75   Thumb Code    38  stm32f1xx_hal_rcc.o(.text.HAL_RCC_GetPCLK2Freq)
    HAL_RCC_OscConfig                        0x08001c9d   Thumb Code  1024  stm32f1xx_hal_rcc.o(.text.HAL_RCC_OscConfig)
    HAL_SYSTICK_Config                       0x0800209d   Thumb Code    44  stm32f1xx_hal_cortex.o(.text.HAL_SYSTICK_Config)
    HAL_UARTEx_RxEventCallback               0x080020c9   Thumb Code     2  stm32f1xx_hal_uart.o(.text.HAL_UARTEx_RxEventCallback)
    HAL_UART_ErrorCallback                   0x080020cd   Thumb Code     2  stm32f1xx_hal_uart.o(.text.HAL_UART_ErrorCallback)
    HAL_UART_IRQHandler                      0x080020d1   Thumb Code  1392  stm32f1xx_hal_uart.o(.text.HAL_UART_IRQHandler)
    HAL_UART_Init                            0x08002641   Thumb Code   226  stm32f1xx_hal_uart.o(.text.HAL_UART_Init)
    HAL_UART_MspInit                         0x08002725   Thumb Code   142  stm32f1xx_hal_msp.o(.text.HAL_UART_MspInit)
    HAL_UART_RxCpltCallback                  0x080027b5   Thumb Code     2  stm32f1xx_hal_uart.o(.text.HAL_UART_RxCpltCallback)
    HAL_UART_Transmit                        0x080027b9   Thumb Code   626  stm32f1xx_hal_uart.o(.text.HAL_UART_Transmit)
    HAL_UART_TxCpltCallback                  0x08002a2d   Thumb Code     2  stm32f1xx_hal_uart.o(.text.HAL_UART_TxCpltCallback)
    HardFault_Handler                        0x08002a31   Thumb Code     2  stm32f1xx_it.o(.text.HardFault_Handler)
    Lcd_Init                                 0x08002a35   Thumb Code   314  lcd_16x2.o(.text.Lcd_Init)
    Lcd_gotoxy                               0x08002b71   Thumb Code    22  lcd_16x2.o(.text.Lcd_gotoxy)
    Lcd_write_string                         0x08002b89   Thumb Code    38  lcd_16x2.o(.text.Lcd_write_string)
    MemManage_Handler                        0x08002bb1   Thumb Code     2  stm32f1xx_it.o(.text.MemManage_Handler)
    NMI_Handler                              0x08002bb5   Thumb Code     2  stm32f1xx_it.o(.text.NMI_Handler)
    PendSV_Handler                           0x08002bb9   Thumb Code     2  stm32f1xx_it.o(.text.PendSV_Handler)
    SVC_Handler                              0x08002bbd   Thumb Code     2  stm32f1xx_it.o(.text.SVC_Handler)
    SysTick_Handler                          0x08002bc1   Thumb Code     4  stm32f1xx_it.o(.text.SysTick_Handler)
    SystemInit                               0x08002bc5   Thumb Code     2  system_stm32f1xx.o(.text.SystemInit)
    USART1_IRQHandler                        0x08002cd5   Thumb Code    12  stm32f1xx_it.o(.text.USART1_IRQHandler)
    UsageFault_Handler                       0x08002ce1   Thumb Code     2  stm32f1xx_it.o(.text.UsageFault_Handler)
    main                                     0x08002e55   Thumb Code   796  main.o(.text.main)
    _btod_d2e                                0x080031b9   Thumb Code    62  btod.o(CL$$btod_d2e)
    _d2e_denorm_low                          0x080031f7   Thumb Code    70  btod.o(CL$$btod_d2e_denorm_low)
    _d2e_norm_op1                            0x0800323d   Thumb Code    96  btod.o(CL$$btod_d2e_norm_op1)
    __btod_div_common                        0x0800329d   Thumb Code   696  btod.o(CL$$btod_div_common)
    _e2e                                     0x080035d5   Thumb Code   220  btod.o(CL$$btod_e2e)
    _btod_ediv                               0x080036b1   Thumb Code    42  btod.o(CL$$btod_ediv)
    _btod_emul                               0x080036db   Thumb Code    42  btod.o(CL$$btod_emul)
    __btod_mult_common                       0x08003705   Thumb Code   580  btod.o(CL$$btod_mult_common)
    __ARM_fpclassify                         0x08003949   Thumb Code    40  fpclassify.o(i.__ARM_fpclassify)
    __kernel_poly                            0x08003971   Thumb Code   170  poly.o(i.__kernel_poly)
    __mathlib_dbl_divzero                    0x08003a1d   Thumb Code    12  dunder.o(i.__mathlib_dbl_divzero)
    __mathlib_dbl_infnan                     0x08003a2d   Thumb Code     6  dunder.o(i.__mathlib_dbl_infnan)
    __mathlib_dbl_infnan2                    0x08003a33   Thumb Code     4  dunder.o(i.__mathlib_dbl_infnan2)
    __mathlib_dbl_invalid                    0x08003a37   Thumb Code    12  dunder.o(i.__mathlib_dbl_invalid)
    __mathlib_dbl_overflow                   0x08003a43   Thumb Code    14  dunder.o(i.__mathlib_dbl_overflow)
    __mathlib_dbl_underflow                  0x08003a51   Thumb Code    10  dunder.o(i.__mathlib_dbl_underflow)
    log                                      0x08003a61   Thumb Code   808  log.o(i.log)
    log10                                    0x08003dbd   Thumb Code   198  log10.o(i.log10)
    pow                                      0x08003ea1   Thumb Code  2532  pow.o(i.pow)
    sqrt                                     0x0800488d   Thumb Code    76  sqrt.o(i.sqrt)
    _get_lc_numeric                          0x080048d9   Thumb Code    44  lc_numeric_c.o(locale$$code)
    __aeabi_d2f                              0x08004905   Thumb Code     0  d2f.o(x$fpl$d2f)
    _d2f                                     0x08004905   Thumb Code    98  d2f.o(x$fpl$d2f)
    __aeabi_dadd                             0x08004969   Thumb Code     0  daddsub_clz.o(x$fpl$dadd)
    _dadd                                    0x08004969   Thumb Code   332  daddsub_clz.o(x$fpl$dadd)
    __fpl_dcheck_NaN1                        0x08004ab9   Thumb Code    10  dcheck1.o(x$fpl$dcheck1)
    __fpl_dcmp_Inf                           0x08004ac9   Thumb Code    24  dcmpi.o(x$fpl$dcmpinf)
    __aeabi_ddiv                             0x08004ae1   Thumb Code     0  ddiv.o(x$fpl$ddiv)
    _ddiv                                    0x08004ae1   Thumb Code   560  ddiv.o(x$fpl$ddiv)
    __aeabi_cdcmpeq                          0x08004d99   Thumb Code     0  deqf.o(x$fpl$deqf)
    _dcmpeq                                  0x08004d99   Thumb Code   120  deqf.o(x$fpl$deqf)
    __aeabi_i2d                              0x08004e11   Thumb Code     0  dflt_clz.o(x$fpl$dflt)
    _dflt                                    0x08004e11   Thumb Code    46  dflt_clz.o(x$fpl$dflt)
    __aeabi_cdcmple                          0x08004e41   Thumb Code     0  dleqf.o(x$fpl$dleqf)
    _dcmple                                  0x08004e41   Thumb Code   120  dleqf.o(x$fpl$dleqf)
    __fpl_dcmple_InfNaN                      0x08004ea3   Thumb Code     0  dleqf.o(x$fpl$dleqf)
    __aeabi_dmul                             0x08004eb9   Thumb Code     0  dmul.o(x$fpl$dmul)
    _dmul                                    0x08004eb9   Thumb Code   332  dmul.o(x$fpl$dmul)
    __fpl_dnaninf                            0x0800500d   Thumb Code   156  dnaninf.o(x$fpl$dnaninf)
    __fpl_dretinf                            0x080050a9   Thumb Code    12  dretinf.o(x$fpl$dretinf)
    __aeabi_cdrcmple                         0x080050b5   Thumb Code     0  drleqf.o(x$fpl$drleqf)
    _drcmple                                 0x080050b5   Thumb Code   108  drleqf.o(x$fpl$drleqf)
    __aeabi_drsub                            0x08005121   Thumb Code     0  daddsub_clz.o(x$fpl$drsb)
    _drsb                                    0x08005121   Thumb Code    22  daddsub_clz.o(x$fpl$drsb)
    _dsqrt                                   0x08005139   Thumb Code   456  dsqrt_noumaal.o(x$fpl$dsqrt)
    __aeabi_dsub                             0x08005305   Thumb Code     0  daddsub_clz.o(x$fpl$dsub)
    _dsub                                    0x08005305   Thumb Code   472  daddsub_clz.o(x$fpl$dsub)
    __aeabi_f2d                              0x080054e1   Thumb Code     0  f2d.o(x$fpl$f2d)
    _f2d                                     0x080054e1   Thumb Code    86  f2d.o(x$fpl$f2d)
    __aeabi_fadd                             0x08005539   Thumb Code     0  faddsub_clz.o(x$fpl$fadd)
    _fadd                                    0x08005539   Thumb Code   196  faddsub_clz.o(x$fpl$fadd)
    __aeabi_fdiv                             0x080055fd   Thumb Code     0  fdiv.o(x$fpl$fdiv)
    _fdiv                                    0x080055fd   Thumb Code   384  fdiv.o(x$fpl$fdiv)
    __aeabi_ui2f                             0x08005781   Thumb Code     0  fflt_clz.o(x$fpl$ffltu)
    _ffltu                                   0x08005781   Thumb Code    38  fflt_clz.o(x$fpl$ffltu)
    __aeabi_fmul                             0x080057a9   Thumb Code     0  fmul.o(x$fpl$fmul)
    _fmul                                    0x080057a9   Thumb Code   258  fmul.o(x$fpl$fmul)
    __fpl_fnaninf                            0x080058ab   Thumb Code   140  fnaninf.o(x$fpl$fnaninf)
    __fpl_fretinf                            0x08005937   Thumb Code    10  fretinf.o(x$fpl$fretinf)
    __aeabi_fsub                             0x08005941   Thumb Code     0  faddsub_clz.o(x$fpl$fsub)
    _fsub                                    0x08005941   Thumb Code   234  faddsub_clz.o(x$fpl$fsub)
    _printf_fp_dec                           0x08005a2b   Thumb Code     4  printf1.o(x$fpl$printf1)
    __fpl_return_NaN                         0x08005a2f   Thumb Code   100  retnan.o(x$fpl$retnan)
    __ARM_scalbn                             0x08005a93   Thumb Code    92  scalbn.o(x$fpl$scalbn)
    __fpl_cmpreturn                          0x08005aef   Thumb Code    48  trapv.o(x$fpl$trapveneer)
    __I$use$fp                               0x08005b1e   Number         0  usenofp.o(x$fpl$usenofp)
    __mathlib_zero                           0x08005be0   Data           8  qnan.o(.constdata)
    AHBPrescTable                            0x08005c7c   Data          16  system_stm32f1xx.o(.rodata.AHBPrescTable)
    APBPrescTable                            0x08005c8c   Data           8  system_stm32f1xx.o(.rodata.APBPrescTable)
    Region$$Table$$Base                      0x08005cf4   Number         0  anon$$obj.o(Region$$Table)
    Region$$Table$$Limit                     0x08005d14   Number         0  anon$$obj.o(Region$$Table)
    pins                                     0x20000000   Data           8  lcd_16x2.o(.data..L_MergedGlobals)
    ports                                    0x20000008   Data          16  lcd_16x2.o(.data..L_MergedGlobals)
    command                                  0x20000018   Data           9  main.o(.data..L_MergedGlobals)
    command2                                 0x20000021   Data          14  main.o(.data..L_MergedGlobals)
    command6                                 0x2000002f   Data          16  main.o(.data..L_MergedGlobals)
    command9                                 0x2000003f   Data          31  main.o(.data..L_MergedGlobals)
    command5                                 0x2000005e   Data          44  main.o(.data..L_MergedGlobals)
    uwTickFreq                               0x2000008c   Data           1  stm32f1xx_hal.o(.data..L_MergedGlobals)
    uwTickPrio                               0x20000090   Data           4  stm32f1xx_hal.o(.data..L_MergedGlobals)
    SystemCoreClock                          0x20000094   Data           4  system_stm32f1xx.o(.data.SystemCoreClock)
    __libspace_start                         0x20000098   Data          96  libspace.o(.bss)
    GAS_value                                0x200000f8   Data           4  main.o(.bss..L_MergedGlobals.5)
    __temporary_stack_top$libspace           0x200000f8   Data           0  libspace.o(.bss)
    hadc1                                    0x200000fc   Data          48  main.o(.bss..L_MergedGlobals.5)
    huart1                                   0x2000012c   Data          72  main.o(.bss..L_MergedGlobals.5)
    uwTick                                   0x20000174   Data           4  stm32f1xx_hal.o(.bss.uwTick)



==============================================================================

Memory Map of the image

  Image Entry point : 0x080000ed

  Load Region LR_IROM1 (Base: 0x08000000, Size: 0x00005dc8, Max: 0x00010000, ABSOLUTE)

    Execution Region ER_IROM1 (Exec base: 0x08000000, Load base: 0x08000000, Size: 0x00005d30, Max: 0x00010000, ABSOLUTE)

    Exec Addr    Load Addr    Size         Type   Attr      Idx    E Section Name        Object

    0x08000000   0x08000000   0x000000ec   Data   RO            3    RESET               startup_stm32f103xb.o
    0x080000ec   0x080000ec   0x00000008   Code   RO          729  * !!!main             c_w.l(__main.o)
    0x080000f4   0x080000f4   0x0000005c   Code   RO         1067    !!!scatter          c_w.l(__scatter.o)
    0x08000150   0x08000150   0x0000001a   Code   RO         1071    !!handler_copy      c_w.l(__scatter_copy.o)
    0x0800016a   0x0800016a   0x00000002   PAD
    0x0800016c   0x0800016c   0x00000002   Code   RO         1068    !!handler_null      c_w.l(__scatter.o)
    0x0800016e   0x0800016e   0x00000002   PAD
    0x08000170   0x08000170   0x0000001c   Code   RO         1073    !!handler_zi        c_w.l(__scatter_zi.o)
    0x0800018c   0x0800018c   0x00000000   Code   RO          722    .ARM.Collect$$_printf_percent$$00000000  c_w.l(_printf_percent.o)
    0x0800018c   0x0800018c   0x00000006   Code   RO          721    .ARM.Collect$$_printf_percent$$00000003  c_w.l(_printf_f.o)
    0x08000192   0x08000192   0x00000006   Code   RO          720    .ARM.Collect$$_printf_percent$$00000009  c_w.l(_printf_d.o)
    0x08000198   0x08000198   0x00000004   Code   RO          787    .ARM.Collect$$_printf_percent$$00000017  c_w.l(_printf_percent_end.o)
    0x0800019c   0x0800019c   0x00000002   Code   RO          924    .ARM.Collect$$libinit$$00000000  c_w.l(libinit.o)
    0x0800019e   0x0800019e   0x00000000   Code   RO          926    .ARM.Collect$$libinit$$00000002  c_w.l(libinit2.o)
    0x0800019e   0x0800019e   0x00000000   Code   RO          928    .ARM.Collect$$libinit$$00000004  c_w.l(libinit2.o)
    0x0800019e   0x0800019e   0x00000000   Code   RO          930    .ARM.Collect$$libinit$$00000006  c_w.l(libinit2.o)
    0x0800019e   0x0800019e   0x00000000   Code   RO          933    .ARM.Collect$$libinit$$0000000C  c_w.l(libinit2.o)
    0x0800019e   0x0800019e   0x00000000   Code   RO          935    .ARM.Collect$$libinit$$0000000E  c_w.l(libinit2.o)
    0x0800019e   0x0800019e   0x00000000   Code   RO          937    .ARM.Collect$$libinit$$00000010  c_w.l(libinit2.o)
    0x0800019e   0x0800019e   0x00000006   Code   RO          938    .ARM.Collect$$libinit$$00000011  c_w.l(libinit2.o)
    0x080001a4   0x080001a4   0x00000000   Code   RO          940    .ARM.Collect$$libinit$$00000013  c_w.l(libinit2.o)
    0x080001a4   0x080001a4   0x00000000   Code   RO          942    .ARM.Collect$$libinit$$00000015  c_w.l(libinit2.o)
    0x080001a4   0x080001a4   0x00000000   Code   RO          944    .ARM.Collect$$libinit$$00000017  c_w.l(libinit2.o)
    0x080001a4   0x080001a4   0x0000000a   Code   RO          945    .ARM.Collect$$libinit$$00000018  c_w.l(libinit2.o)
    0x080001ae   0x080001ae   0x00000000   Code   RO          946    .ARM.Collect$$libinit$$00000019  c_w.l(libinit2.o)
    0x080001ae   0x080001ae   0x00000000   Code   RO          948    .ARM.Collect$$libinit$$0000001B  c_w.l(libinit2.o)
    0x080001ae   0x080001ae   0x00000000   Code   RO          950    .ARM.Collect$$libinit$$0000001D  c_w.l(libinit2.o)
    0x080001ae   0x080001ae   0x00000000   Code   RO          952    .ARM.Collect$$libinit$$0000001F  c_w.l(libinit2.o)
    0x080001ae   0x080001ae   0x00000000   Code   RO          954    .ARM.Collect$$libinit$$00000021  c_w.l(libinit2.o)
    0x080001ae   0x080001ae   0x00000000   Code   RO          956    .ARM.Collect$$libinit$$00000023  c_w.l(libinit2.o)
    0x080001ae   0x080001ae   0x00000000   Code   RO          958    .ARM.Collect$$libinit$$00000025  c_w.l(libinit2.o)
    0x080001ae   0x080001ae   0x00000000   Code   RO          960    .ARM.Collect$$libinit$$00000027  c_w.l(libinit2.o)
    0x080001ae   0x080001ae   0x00000000   Code   RO          964    .ARM.Collect$$libinit$$0000002E  c_w.l(libinit2.o)
    0x080001ae   0x080001ae   0x00000000   Code   RO          966    .ARM.Collect$$libinit$$00000030  c_w.l(libinit2.o)
    0x080001ae   0x080001ae   0x00000000   Code   RO          968    .ARM.Collect$$libinit$$00000032  c_w.l(libinit2.o)
    0x080001ae   0x080001ae   0x00000000   Code   RO          970    .ARM.Collect$$libinit$$00000034  c_w.l(libinit2.o)
    0x080001ae   0x080001ae   0x00000002   Code   RO          971    .ARM.Collect$$libinit$$00000035  c_w.l(libinit2.o)
    0x080001b0   0x080001b0   0x00000002   Code   RO         1013    .ARM.Collect$$libshutdown$$00000000  c_w.l(libshutdown.o)
    0x080001b2   0x080001b2   0x00000000   Code   RO         1024    .ARM.Collect$$libshutdown$$00000002  c_w.l(libshutdown2.o)
    0x080001b2   0x080001b2   0x00000000   Code   RO         1026    .ARM.Collect$$libshutdown$$00000004  c_w.l(libshutdown2.o)
    0x080001b2   0x080001b2   0x00000000   Code   RO         1029    .ARM.Collect$$libshutdown$$00000007  c_w.l(libshutdown2.o)
    0x080001b2   0x080001b2   0x00000000   Code   RO         1032    .ARM.Collect$$libshutdown$$0000000A  c_w.l(libshutdown2.o)
    0x080001b2   0x080001b2   0x00000000   Code   RO         1034    .ARM.Collect$$libshutdown$$0000000C  c_w.l(libshutdown2.o)
    0x080001b2   0x080001b2   0x00000000   Code   RO         1037    .ARM.Collect$$libshutdown$$0000000F  c_w.l(libshutdown2.o)
    0x080001b2   0x080001b2   0x00000002   Code   RO         1038    .ARM.Collect$$libshutdown$$00000010  c_w.l(libshutdown2.o)
    0x080001b4   0x080001b4   0x00000000   Code   RO          774    .ARM.Collect$$rtentry$$00000000  c_w.l(__rtentry.o)
    0x080001b4   0x080001b4   0x00000000   Code   RO          838    .ARM.Collect$$rtentry$$00000002  c_w.l(__rtentry2.o)
    0x080001b4   0x080001b4   0x00000006   Code   RO          850    .ARM.Collect$$rtentry$$00000004  c_w.l(__rtentry4.o)
    0x080001ba   0x080001ba   0x00000000   Code   RO          840    .ARM.Collect$$rtentry$$00000009  c_w.l(__rtentry2.o)
    0x080001ba   0x080001ba   0x00000004   Code   RO          841    .ARM.Collect$$rtentry$$0000000A  c_w.l(__rtentry2.o)
    0x080001be   0x080001be   0x00000000   Code   RO          843    .ARM.Collect$$rtentry$$0000000C  c_w.l(__rtentry2.o)
    0x080001be   0x080001be   0x00000008   Code   RO          844    .ARM.Collect$$rtentry$$0000000D  c_w.l(__rtentry2.o)
    0x080001c6   0x080001c6   0x00000002   Code   RO          976    .ARM.Collect$$rtexit$$00000000  c_w.l(rtexit.o)
    0x080001c8   0x080001c8   0x00000000   Code   RO          987    .ARM.Collect$$rtexit$$00000002  c_w.l(rtexit2.o)
    0x080001c8   0x080001c8   0x00000004   Code   RO          988    .ARM.Collect$$rtexit$$00000003  c_w.l(rtexit2.o)
    0x080001cc   0x080001cc   0x00000006   Code   RO          989    .ARM.Collect$$rtexit$$00000004  c_w.l(rtexit2.o)
    0x080001d2   0x080001d2   0x00000002   PAD
    0x080001d4   0x080001d4   0x00000040   Code   RO            4    .text               startup_stm32f103xb.o
    0x08000214   0x08000214   0x00000028   Code   RO          694    .text               c_w.l(noretval__2sprintf.o)
    0x0800023c   0x0800023c   0x00000078   Code   RO          698    .text               c_w.l(_printf_dec.o)
    0x080002b4   0x080002b4   0x000000b8   Code   RO          703    .text               c_w.l(__printf_ss.o)
    0x0800036c   0x0800036c   0x0000003e   Code   RO          723    .text               c_w.l(strlen.o)
    0x080003aa   0x080003aa   0x0000004e   Code   RO          725    .text               c_w.l(rt_memclr_w.o)
    0x080003f8   0x080003f8   0x00000006   Code   RO          727    .text               c_w.l(heapauxi.o)
    0x080003fe   0x080003fe   0x00000016   Code   RO          775    .text               c_w.l(_rserrno.o)
    0x08000414   0x08000414   0x000000b2   Code   RO          777    .text               c_w.l(_printf_intcommon.o)
    0x080004c6   0x080004c6   0x0000041c   Code   RO          779    .text               c_w.l(_printf_fp_dec.o)
    0x080008e2   0x080008e2   0x00000002   PAD
    0x080008e4   0x080008e4   0x00000030   Code   RO          783    .text               c_w.l(_printf_char_common.o)
    0x08000914   0x08000914   0x0000000a   Code   RO          785    .text               c_w.l(_sputc.o)
    0x0800091e   0x0800091e   0x00000002   PAD
    0x08000920   0x08000920   0x00000008   Code   RO          855    .text               c_w.l(rt_locale_intlibspace.o)
    0x08000928   0x08000928   0x00000008   Code   RO          860    .text               c_w.l(rt_errno_addr_intlibspace.o)
    0x08000930   0x08000930   0x0000008a   Code   RO          862    .text               c_w.l(lludiv10.o)
    0x080009ba   0x080009ba   0x00000002   PAD
    0x080009bc   0x080009bc   0x00000080   Code   RO          864    .text               c_w.l(_printf_fp_infnan.o)
    0x08000a3c   0x08000a3c   0x000000e4   Code   RO          868    .text               c_w.l(bigflt0.o)
    0x08000b20   0x08000b20   0x00000008   Code   RO          908    .text               c_w.l(libspace.o)
    0x08000b28   0x08000b28   0x0000004a   Code   RO          911    .text               c_w.l(sys_stackheap_outer.o)
    0x08000b72   0x08000b72   0x00000012   Code   RO          915    .text               c_w.l(exit.o)
    0x08000b84   0x08000b84   0x00000080   Code   RO          917    .text               c_w.l(strcmpv7m.o)
    0x08000c04   0x08000c04   0x0000000c   Code   RO          999    .text               c_w.l(sys_exit.o)
    0x08000c10   0x08000c10   0x00000002   Code   RO         1014    .text               c_w.l(use_no_semi.o)
    0x08000c12   0x08000c12   0x00000000   Code   RO         1016    .text               c_w.l(indicate_semi.o)
    0x08000c12   0x08000c12   0x00000002   PAD
    0x08000c14   0x08000c14   0x000000ae   Code   RO          137    .text.ADC_Enable    stm32f1xx_hal_adc.o
    0x08000cc2   0x08000cc2   0x00000002   PAD
    0x08000cc4   0x08000cc4   0x00000002   Code   RO           72    .text.BusFault_Handler  stm32f1xx_it.o
    0x08000cc6   0x08000cc6   0x00000002   PAD
    0x08000cc8   0x08000cc8   0x00000002   Code   RO           78    .text.DebugMon_Handler  stm32f1xx_it.o
    0x08000cca   0x08000cca   0x00000002   PAD
    0x08000ccc   0x08000ccc   0x00000176   Code   RO          171    .text.HAL_ADC_ConfigChannel  stm32f1xx_hal_adc.o
    0x08000e42   0x08000e42   0x00000002   PAD
    0x08000e44   0x08000e44   0x00000006   Code   RO          159    .text.HAL_ADC_GetValue  stm32f1xx_hal_adc.o
    0x08000e4a   0x08000e4a   0x00000002   PAD
    0x08000e4c   0x08000e4c   0x00000158   Code   RO          125    .text.HAL_ADC_Init  stm32f1xx_hal_adc.o
    0x08000fa4   0x08000fa4   0x00000066   Code   RO           95    .text.HAL_ADC_MspInit  stm32f1xx_hal_msp.o
    0x0800100a   0x0800100a   0x00000002   PAD
    0x0800100c   0x0800100c   0x0000026e   Code   RO          141    .text.HAL_ADC_PollForConversion  stm32f1xx_hal_adc.o
    0x0800127a   0x0800127a   0x00000002   PAD
    0x0800127c   0x0800127c   0x000000ce   Code   RO          135    .text.HAL_ADC_Start  stm32f1xx_hal_adc.o
    0x0800134a   0x0800134a   0x00000002   PAD
    0x0800134c   0x0800134c   0x0000007e   Code   RO          139    .text.HAL_ADC_Stop  stm32f1xx_hal_adc.o
    0x080013ca   0x080013ca   0x00000002   PAD
    0x080013cc   0x080013cc   0x00000046   Code   RO          365    .text.HAL_DMA_Abort  stm32f1xx_hal_dma.o
    0x08001412   0x08001412   0x00000002   PAD
    0x08001414   0x08001414   0x000000b6   Code   RO          367    .text.HAL_DMA_Abort_IT  stm32f1xx_hal_dma.o
    0x080014ca   0x080014ca   0x00000002   PAD
    0x080014cc   0x080014cc   0x00000028   Code   RO          241    .text.HAL_Delay     stm32f1xx_hal.o
    0x080014f4   0x080014f4   0x0000020e   Code   RO          333    .text.HAL_GPIO_Init  stm32f1xx_hal_gpio.o
    0x08001702   0x08001702   0x00000002   PAD
    0x08001704   0x08001704   0x0000000a   Code   RO          337    .text.HAL_GPIO_ReadPin  stm32f1xx_hal_gpio.o
    0x0800170e   0x0800170e   0x00000002   PAD
    0x08001710   0x08001710   0x0000000a   Code   RO          339    .text.HAL_GPIO_WritePin  stm32f1xx_hal_gpio.o
    0x0800171a   0x0800171a   0x00000002   PAD
    0x0800171c   0x0800171c   0x0000000c   Code   RO          233    .text.HAL_GetTick   stm32f1xx_hal.o
    0x08001728   0x08001728   0x0000001a   Code   RO          231    .text.HAL_IncTick   stm32f1xx_hal.o
    0x08001742   0x08001742   0x00000002   PAD
    0x08001744   0x08001744   0x00000026   Code   RO          221    .text.HAL_Init      stm32f1xx_hal.o
    0x0800176a   0x0800176a   0x00000002   PAD
    0x0800176c   0x0800176c   0x00000048   Code   RO          223    .text.HAL_InitTick  stm32f1xx_hal.o
    0x080017b4   0x080017b4   0x00000042   Code   RO           93    .text.HAL_MspInit   stm32f1xx_hal_msp.o
    0x080017f6   0x080017f6   0x00000002   PAD
    0x080017f8   0x080017f8   0x00000022   Code   RO          393    .text.HAL_NVIC_EnableIRQ  stm32f1xx_hal_cortex.o
    0x0800181a   0x0800181a   0x00000002   PAD
    0x0800181c   0x0800181c   0x00000056   Code   RO          391    .text.HAL_NVIC_SetPriority  stm32f1xx_hal_cortex.o
    0x08001872   0x08001872   0x00000002   PAD
    0x08001874   0x08001874   0x00000020   Code   RO          389    .text.HAL_NVIC_SetPriorityGrouping  stm32f1xx_hal_cortex.o
    0x08001894   0x08001894   0x000000f8   Code   RO          323    .text.HAL_RCCEx_GetPeriphCLKFreq  stm32f1xx_hal_rcc_ex.o
    0x0800198c   0x0800198c   0x00000102   Code   RO          319    .text.HAL_RCCEx_PeriphCLKConfig  stm32f1xx_hal_rcc_ex.o
    0x08001a8e   0x08001a8e   0x00000002   PAD
    0x08001a90   0x08001a90   0x000001ba   Code   RO          285    .text.HAL_RCC_ClockConfig  stm32f1xx_hal_rcc.o
    0x08001c4a   0x08001c4a   0x00000002   PAD
    0x08001c4c   0x08001c4c   0x00000026   Code   RO          297    .text.HAL_RCC_GetPCLK1Freq  stm32f1xx_hal_rcc.o
    0x08001c72   0x08001c72   0x00000002   PAD
    0x08001c74   0x08001c74   0x00000026   Code   RO          299    .text.HAL_RCC_GetPCLK2Freq  stm32f1xx_hal_rcc.o
    0x08001c9a   0x08001c9a   0x00000002   PAD
    0x08001c9c   0x08001c9c   0x00000400   Code   RO          283    .text.HAL_RCC_OscConfig  stm32f1xx_hal_rcc.o
    0x0800209c   0x0800209c   0x0000002c   Code   RO          401    .text.HAL_SYSTICK_Config  stm32f1xx_hal_cortex.o
    0x080020c8   0x080020c8   0x00000002   Code   RO          640    .text.HAL_UARTEx_RxEventCallback  stm32f1xx_hal_uart.o
    0x080020ca   0x080020ca   0x00000002   PAD
    0x080020cc   0x080020cc   0x00000002   Code   RO          638    .text.HAL_UART_ErrorCallback  stm32f1xx_hal_uart.o
    0x080020ce   0x080020ce   0x00000002   PAD
    0x080020d0   0x080020d0   0x00000570   Code   RO          632    .text.HAL_UART_IRQHandler  stm32f1xx_hal_uart.o
    0x08002640   0x08002640   0x000000e2   Code   RO          556    .text.HAL_UART_Init  stm32f1xx_hal_uart.o
    0x08002722   0x08002722   0x00000002   PAD
    0x08002724   0x08002724   0x0000008e   Code   RO           99    .text.HAL_UART_MspInit  stm32f1xx_hal_msp.o
    0x080027b2   0x080027b2   0x00000002   PAD
    0x080027b4   0x080027b4   0x00000002   Code   RO          646    .text.HAL_UART_RxCpltCallback  stm32f1xx_hal_uart.o
    0x080027b6   0x080027b6   0x00000002   PAD
    0x080027b8   0x080027b8   0x00000272   Code   RO          570    .text.HAL_UART_Transmit  stm32f1xx_hal_uart.o
    0x08002a2a   0x08002a2a   0x00000002   PAD
    0x08002a2c   0x08002a2c   0x00000002   Code   RO          642    .text.HAL_UART_TxCpltCallback  stm32f1xx_hal_uart.o
    0x08002a2e   0x08002a2e   0x00000002   PAD
    0x08002a30   0x08002a30   0x00000002   Code   RO           68    .text.HardFault_Handler  stm32f1xx_it.o
    0x08002a32   0x08002a32   0x00000002   PAD
    0x08002a34   0x08002a34   0x0000013a   Code   RO           11    .text.Lcd_Init      lcd_16x2.o
    0x08002b6e   0x08002b6e   0x00000002   PAD
    0x08002b70   0x08002b70   0x00000016   Code   RO           25    .text.Lcd_gotoxy    lcd_16x2.o
    0x08002b86   0x08002b86   0x00000002   PAD
    0x08002b88   0x08002b88   0x00000026   Code   RO           17    .text.Lcd_write_string  lcd_16x2.o
    0x08002bae   0x08002bae   0x00000002   PAD
    0x08002bb0   0x08002bb0   0x00000002   Code   RO           70    .text.MemManage_Handler  stm32f1xx_it.o
    0x08002bb2   0x08002bb2   0x00000002   PAD
    0x08002bb4   0x08002bb4   0x00000002   Code   RO           66    .text.NMI_Handler   stm32f1xx_it.o
    0x08002bb6   0x08002bb6   0x00000002   PAD
    0x08002bb8   0x08002bb8   0x00000002   Code   RO           80    .text.PendSV_Handler  stm32f1xx_it.o
    0x08002bba   0x08002bba   0x00000002   PAD
    0x08002bbc   0x08002bbc   0x00000002   Code   RO           76    .text.SVC_Handler   stm32f1xx_it.o
    0x08002bbe   0x08002bbe   0x00000002   PAD
    0x08002bc0   0x08002bc0   0x00000004   Code   RO           82    .text.SysTick_Handler  stm32f1xx_it.o
    0x08002bc4   0x08002bc4   0x00000002   Code   RO          676    .text.SystemInit    system_stm32f1xx.o
    0x08002bc6   0x08002bc6   0x00000002   PAD
    0x08002bc8   0x08002bc8   0x0000000c   Code   RO          636    .text.UART_DMAAbortOnError  stm32f1xx_hal_uart.o
    0x08002bd4   0x08002bd4   0x000000fe   Code   RO          634    .text.UART_Receive_IT  stm32f1xx_hal_uart.o
    0x08002cd2   0x08002cd2   0x00000002   PAD
    0x08002cd4   0x08002cd4   0x0000000c   Code   RO           84    .text.USART1_IRQHandler  stm32f1xx_it.o
    0x08002ce0   0x08002ce0   0x00000002   Code   RO           74    .text.UsageFault_Handler  stm32f1xx_it.o
    0x08002ce2   0x08002ce2   0x00000002   PAD
    0x08002ce4   0x08002ce4   0x000000b6   Code   RO           13    .text.lcd_write_command  lcd_16x2.o
    0x08002d9a   0x08002d9a   0x00000002   PAD
    0x08002d9c   0x08002d9c   0x000000b6   Code   RO           19    .text.lcd_write_data  lcd_16x2.o
    0x08002e52   0x08002e52   0x00000002   PAD
    0x08002e54   0x08002e54   0x00000364   Code   RO           44    .text.main          main.o
    0x080031b8   0x080031b8   0x0000003e   Code   RO          871    CL$$btod_d2e        c_w.l(btod.o)
    0x080031f6   0x080031f6   0x00000046   Code   RO          873    CL$$btod_d2e_denorm_low  c_w.l(btod.o)
    0x0800323c   0x0800323c   0x00000060   Code   RO          872    CL$$btod_d2e_norm_op1  c_w.l(btod.o)
    0x0800329c   0x0800329c   0x00000338   Code   RO          881    CL$$btod_div_common  c_w.l(btod.o)
    0x080035d4   0x080035d4   0x000000dc   Code   RO          878    CL$$btod_e2e        c_w.l(btod.o)
    0x080036b0   0x080036b0   0x0000002a   Code   RO          875    CL$$btod_ediv       c_w.l(btod.o)
    0x080036da   0x080036da   0x0000002a   Code   RO          874    CL$$btod_emul       c_w.l(btod.o)
    0x08003704   0x08003704   0x00000244   Code   RO          880    CL$$btod_mult_common  c_w.l(btod.o)
    0x08003948   0x08003948   0x00000028   Code   RO          823    i.__ARM_fpclassify  m_ws.l(fpclassify.o)
    0x08003970   0x08003970   0x000000aa   Code   RO          830    i.__kernel_poly     m_ws.l(poly.o)
    0x08003a1a   0x08003a1a   0x00000002   PAD
    0x08003a1c   0x08003a1c   0x00000010   Code   RO          809    i.__mathlib_dbl_divzero  m_ws.l(dunder.o)
    0x08003a2c   0x08003a2c   0x00000006   Code   RO          810    i.__mathlib_dbl_infnan  m_ws.l(dunder.o)
    0x08003a32   0x08003a32   0x00000004   Code   RO          811    i.__mathlib_dbl_infnan2  m_ws.l(dunder.o)
    0x08003a36   0x08003a36   0x0000000c   Code   RO          812    i.__mathlib_dbl_invalid  m_ws.l(dunder.o)
    0x08003a42   0x08003a42   0x0000000e   Code   RO          813    i.__mathlib_dbl_overflow  m_ws.l(dunder.o)
    0x08003a50   0x08003a50   0x00000010   Code   RO          815    i.__mathlib_dbl_underflow  m_ws.l(dunder.o)
    0x08003a60   0x08003a60   0x0000035c   Code   RO          826    i.log               m_ws.l(log.o)
    0x08003dbc   0x08003dbc   0x000000e4   Code   RO          766    i.log10             m_ws.l(log10.o)
    0x08003ea0   0x08003ea0   0x000009ec   Code   RO          770    i.pow               m_ws.l(pow.o)
    0x0800488c   0x0800488c   0x0000004c   Code   RO          834    i.sqrt              m_ws.l(sqrt.o)
    0x080048d8   0x080048d8   0x0000002c   Code   RO          896    locale$$code        c_w.l(lc_numeric_c.o)
    0x08004904   0x08004904   0x00000062   Code   RO          731    x$fpl$d2f           fz_ws.l(d2f.o)
    0x08004966   0x08004966   0x00000002   PAD
    0x08004968   0x08004968   0x00000150   Code   RO          733    x$fpl$dadd          fz_ws.l(daddsub_clz.o)
    0x08004ab8   0x08004ab8   0x00000010   Code   RO          898    x$fpl$dcheck1       fz_ws.l(dcheck1.o)
    0x08004ac8   0x08004ac8   0x00000018   Code   RO          972    x$fpl$dcmpinf       fz_ws.l(dcmpi.o)
    0x08004ae0   0x08004ae0   0x000002b8   Code   RO          740    x$fpl$ddiv          fz_ws.l(ddiv.o)
    0x08004d98   0x08004d98   0x00000078   Code   RO          900    x$fpl$deqf          fz_ws.l(deqf.o)
    0x08004e10   0x08004e10   0x0000002e   Code   RO          789    x$fpl$dflt          fz_ws.l(dflt_clz.o)
    0x08004e3e   0x08004e3e   0x00000002   PAD
    0x08004e40   0x08004e40   0x00000078   Code   RO          902    x$fpl$dleqf         fz_ws.l(dleqf.o)
    0x08004eb8   0x08004eb8   0x00000154   Code   RO          794    x$fpl$dmul          fz_ws.l(dmul.o)
    0x0800500c   0x0800500c   0x0000009c   Code   RO          796    x$fpl$dnaninf       fz_ws.l(dnaninf.o)
    0x080050a8   0x080050a8   0x0000000c   Code   RO          798    x$fpl$dretinf       fz_ws.l(dretinf.o)
    0x080050b4   0x080050b4   0x0000006c   Code   RO          800    x$fpl$drleqf        fz_ws.l(drleqf.o)
    0x08005120   0x08005120   0x00000016   Code   RO          734    x$fpl$drsb          fz_ws.l(daddsub_clz.o)
    0x08005136   0x08005136   0x00000002   PAD
    0x08005138   0x08005138   0x000001cc   Code   RO          904    x$fpl$dsqrt         fz_ws.l(dsqrt_noumaal.o)
    0x08005304   0x08005304   0x000001dc   Code   RO          735    x$fpl$dsub          fz_ws.l(daddsub_clz.o)
    0x080054e0   0x080054e0   0x00000056   Code   RO          743    x$fpl$f2d           fz_ws.l(f2d.o)
    0x08005536   0x08005536   0x00000002   PAD
    0x08005538   0x08005538   0x000000c4   Code   RO          745    x$fpl$fadd          fz_ws.l(faddsub_clz.o)
    0x080055fc   0x080055fc   0x00000184   Code   RO          752    x$fpl$fdiv          fz_ws.l(fdiv.o)
    0x08005780   0x08005780   0x00000026   Code   RO          755    x$fpl$ffltu         fz_ws.l(fflt_clz.o)
    0x080057a6   0x080057a6   0x00000002   PAD
    0x080057a8   0x080057a8   0x00000102   Code   RO          761    x$fpl$fmul          fz_ws.l(fmul.o)
    0x080058aa   0x080058aa   0x0000008c   Code   RO          802    x$fpl$fnaninf       fz_ws.l(fnaninf.o)
    0x08005936   0x08005936   0x0000000a   Code   RO          804    x$fpl$fretinf       fz_ws.l(fretinf.o)
    0x08005940   0x08005940   0x000000ea   Code   RO          747    x$fpl$fsub          fz_ws.l(faddsub_clz.o)
    0x08005a2a   0x08005a2a   0x00000004   Code   RO          763    x$fpl$printf1       fz_ws.l(printf1.o)
    0x08005a2e   0x08005a2e   0x00000064   Code   RO          974    x$fpl$retnan        fz_ws.l(retnan.o)
    0x08005a92   0x08005a92   0x0000005c   Code   RO          806    x$fpl$scalbn        fz_ws.l(scalbn.o)
    0x08005aee   0x08005aee   0x00000030   Code   RO          984    x$fpl$trapveneer    fz_ws.l(trapv.o)
    0x08005b1e   0x08005b1e   0x00000000   Code   RO          808    x$fpl$usenofp       fz_ws.l(usenofp.o)
    0x08005b1e   0x08005b1e   0x00000002   PAD
    0x08005b20   0x08005b20   0x00000088   Data   RO          771    .constdata          m_ws.l(pow.o)
    0x08005ba8   0x08005ba8   0x00000038   Data   RO          827    .constdata          m_ws.l(log.o)
    0x08005be0   0x08005be0   0x00000008   Data   RO          832    .constdata          m_ws.l(qnan.o)
    0x08005be8   0x08005be8   0x00000094   Data   RO          869    .constdata          c_w.l(bigflt0.o)
    0x08005c7c   0x08005c7c   0x00000010   Data   RO          681    .rodata.AHBPrescTable  system_stm32f1xx.o
    0x08005c8c   0x08005c8c   0x00000008   Data   RO          682    .rodata.APBPrescTable  system_stm32f1xx.o
    0x08005c94   0x08005c94   0x00000002   Data   RO          310    .rodata.HAL_RCC_GetSysClockFreq.aPredivFactorTable  stm32f1xx_hal_rcc.o
    0x08005c96   0x08005c96   0x00000010   Data   RO          309    .rodata.cst16       stm32f1xx_hal_rcc.o
    0x08005ca6   0x08005ca6   0x0000004c   Data   RO           54    .rodata.str1.1      main.o
    0x08005cf2   0x08005cf2   0x00000002   PAD
    0x08005cf4   0x08005cf4   0x00000020   Data   RO         1066    Region$$Table       anon$$obj.o
    0x08005d14   0x08005d14   0x0000001c   Data   RO          895    locale$$data        c_w.l(lc_numeric_c.o)


    Execution Region RW_IRAM1 (Exec base: 0x20000000, Load base: 0x08005d30, Size: 0x00000778, Max: 0x00005000, ABSOLUTE)

    Exec Addr    Load Addr    Size         Type   Attr      Idx    E Section Name        Object

    0x20000000   0x08005d30   0x00000018   Data   RW           31    .data..L_MergedGlobals  lcd_16x2.o
    0x20000018   0x08005d48   0x00000072   Data   RW           56    .data..L_MergedGlobals  main.o
    0x2000008a   0x08005dba   0x00000002   PAD
    0x2000008c   0x08005dbc   0x00000008   Data   RW          272    .data..L_MergedGlobals  stm32f1xx_hal.o
    0x20000094   0x08005dc4   0x00000004   Data   RW          680    .data.SystemCoreClock  system_stm32f1xx.o
    0x20000098        -       0x00000060   Zero   RW          909    .bss                c_w.l(libspace.o)
    0x200000f8        -       0x0000007c   Zero   RW           57    .bss..L_MergedGlobals.5  main.o
    0x20000174        -       0x00000004   Zero   RW          271    .bss.uwTick         stm32f1xx_hal.o
    0x20000178        -       0x00000200   Zero   RW            2    HEAP                startup_stm32f103xb.o
    0x20000378        -       0x00000400   Zero   RW            1    STACK               startup_stm32f103xb.o


==============================================================================

Image component sizes


      Code (inc. data)   RO Data    RW Data    ZI Data      Debug   Object Name

       738          0          0         24          0       5654   lcd_16x2.o
       868         72         76        114        124       9108   main.o
        64         26        236          0       1536        772   startup_stm32f103xb.o
       188          0          0          8          4       5753   stm32f1xx_hal.o
      1852          0          0          0          0      13662   stm32f1xx_hal_adc.o
       196          0          0          0          0       8407   stm32f1xx_hal_cortex.o
       252          0          0          0          0       8274   stm32f1xx_hal_dma.o
       546         22          0          0          0       4681   stm32f1xx_hal_gpio.o
       310          0          0          0          0       6873   stm32f1xx_hal_msp.o
      1542          0         18          0          0       7941   stm32f1xx_hal_rcc.o
       506         20          0          0          0       3631   stm32f1xx_hal_rcc_ex.o
      2518          0          0          0          0      32746   stm32f1xx_hal_uart.o
        32          0          0          0          0       3838   stm32f1xx_it.o
         2          0         24          4          0       1591   system_stm32f1xx.o

    ----------------------------------------------------------------------
      9700        140        388        152       1664     112931   Object Totals
         0          0         32          0          0          0   (incl. Generated)
        86          0          2          2          0          0   (incl. Padding)

    ----------------------------------------------------------------------

      Code (inc. data)   RO Data    RW Data    ZI Data      Debug   Library Member Name

         8          0          0          0          0         68   __main.o
       184          0          0          0          0         84   __printf_ss.o
         0          0          0          0          0          0   __rtentry.o
        12          0          0          0          0          0   __rtentry2.o
         6          0          0          0          0          0   __rtentry4.o
        94          8          0          0          0          0   __scatter.o
        26          0          0          0          0          0   __scatter_copy.o
        28          0          0          0          0          0   __scatter_zi.o
        48          6          0          0          0         96   _printf_char_common.o
         6          0          0          0          0          0   _printf_d.o
       120         16          0          0          0         92   _printf_dec.o
         6          0          0          0          0          0   _printf_f.o
      1052          0          0          0          0        148   _printf_fp_dec.o
       128         16          0          0          0         84   _printf_fp_infnan.o
       178          0          0          0          0         88   _printf_intcommon.o
         0          0          0          0          0          0   _printf_percent.o
         4          0          0          0          0          0   _printf_percent_end.o
        22          0          0          0          0        100   _rserrno.o
        10          0          0          0          0         68   _sputc.o
       228          4        148          0          0         96   bigflt0.o
      1936        128          0          0          0        668   btod.o
        18          0          0          0          0         80   exit.o
         6          0          0          0          0        152   heapauxi.o
         0          0          0          0          0          0   indicate_semi.o
        44         10         28          0          0         76   lc_numeric_c.o
         2          0          0          0          0          0   libinit.o
        18          0          0          0          0          0   libinit2.o
         2          0          0          0          0          0   libshutdown.o
         2          0          0          0          0          0   libshutdown2.o
         8          4          0          0         96         68   libspace.o
       138          0          0          0          0         80   lludiv10.o
        40          6          0          0          0         84   noretval__2sprintf.o
         8          4          0          0          0         68   rt_errno_addr_intlibspace.o
         8          4          0          0          0         68   rt_locale_intlibspace.o
        78          0          0          0          0         80   rt_memclr_w.o
         2          0          0          0          0          0   rtexit.o
        10          0          0          0          0          0   rtexit2.o
       128          0          0          0          0         68   strcmpv7m.o
        62          0          0          0          0         76   strlen.o
        12          4          0          0          0         68   sys_exit.o
        74          0          0          0          0         80   sys_stackheap_outer.o
         2          0          0          0          0         68   use_no_semi.o
        98          4          0          0          0         92   d2f.o
       834         16          0          0          0        372   daddsub_clz.o
        16          4          0          0          0         68   dcheck1.o
        24          0          0          0          0         68   dcmpi.o
       696        140          0          0          0        216   ddiv.o
       120          4          0          0          0         92   deqf.o
        46          0          0          0          0         68   dflt_clz.o
       120          4          0          0          0         92   dleqf.o
       340         12          0          0          0        104   dmul.o
       156          4          0          0          0         92   dnaninf.o
        12          0          0          0          0         68   dretinf.o
       108          0          0          0          0         80   drleqf.o
       460         56          0          0          0        120   dsqrt_noumaal.o
        86          4          0          0          0         84   f2d.o
       430          8          0          0          0        168   faddsub_clz.o
       388         76          0          0          0         96   fdiv.o
        38          0          0          0          0         68   fflt_clz.o
       258          4          0          0          0         84   fmul.o
       140          4          0          0          0         84   fnaninf.o
        10          0          0          0          0         68   fretinf.o
         4          0          0          0          0         68   printf1.o
       100          0          0          0          0         68   retnan.o
        92          0          0          0          0         68   scalbn.o
        48          0          0          0          0         68   trapv.o
         0          0          0          0          0          0   usenofp.o
        68         10          0          0          0        408   dunder.o
        40          0          0          0          0         68   fpclassify.o
       860         52         56          0          0        256   log.o
       228         30          0          0          0        120   log10.o
       170          0          0          0          0         96   poly.o
      2540        188        136          0          0        332   pow.o
         0          0          8          0          0          0   qnan.o
        76          0          0          0          0         84   sqrt.o

    ----------------------------------------------------------------------
     13392        830        376          0         96       6528   Library Totals
        28          0          0          0          0          0   (incl. Padding)

    ----------------------------------------------------------------------

      Code (inc. data)   RO Data    RW Data    ZI Data      Debug   Library Name

      4758        210        176          0         96       2708   c_w.l
      4624        340          0          0          0       2456   fz_ws.l
      3982        280        200          0          0       1364   m_ws.l

    ----------------------------------------------------------------------
     13392        830        376          0         96       6528   Library Totals

    ----------------------------------------------------------------------

==============================================================================


      Code (inc. data)   RO Data    RW Data    ZI Data      Debug   

     23092        970        764        152       1760     115851   Grand Totals
     23092        970        764        152       1760     115851   ELF Image Totals
     23092        970        764        152          0          0   ROM Totals

==============================================================================

    Total RO  Size (Code + RO Data)                23856 (  23.30kB)
    Total RW  Size (RW Data + ZI Data)              1912 (   1.87kB)
    Total ROM Size (Code + RO Data + RW Data)      24008 (  23.45kB)

==============================================================================

